Archive member included to satisfy reference by file (symbol)

e:/ac6/plugins/fr.ac6.mcu.externaltools.arm-none.win32_1.15.0.201708311556/tools/compiler/bin/../lib/gcc/arm-none-eabi/6.3.1/thumb/v7-m\libgcc.a(_arm_addsubdf3.o)
                              Src/main.o (__aeabi_dadd)
e:/ac6/plugins/fr.ac6.mcu.externaltools.arm-none.win32_1.15.0.201708311556/tools/compiler/bin/../lib/gcc/arm-none-eabi/6.3.1/thumb/v7-m\libgcc.a(_arm_muldivdf3.o)
                              Src/main.o (__aeabi_dmul)
e:/ac6/plugins/fr.ac6.mcu.externaltools.arm-none.win32_1.15.0.201708311556/tools/compiler/bin/../lib/gcc/arm-none-eabi/6.3.1/thumb/v7-m\libgcc.a(_arm_cmpdf2.o)
                              Src/main.o (__aeabi_dcmplt)
e:/ac6/plugins/fr.ac6.mcu.externaltools.arm-none.win32_1.15.0.201708311556/tools/compiler/bin/../lib/gcc/arm-none-eabi/6.3.1/thumb/v7-m\libgcc.a(_arm_fixdfsi.o)
                              Src/main.o (__aeabi_d2iz)
e:/ac6/plugins/fr.ac6.mcu.externaltools.arm-none.win32_1.15.0.201708311556/tools/compiler/bin/../lib/gcc/arm-none-eabi/6.3.1/thumb/v7-m\libgcc.a(_arm_truncdfsf2.o)
                              Src/main.o (__aeabi_d2f)
e:/ac6/plugins/fr.ac6.mcu.externaltools.arm-none.win32_1.15.0.201708311556/tools/compiler/bin/../lib/gcc/arm-none-eabi/6.3.1/thumb/v7-m\libgcc.a(_arm_addsubsf3.o)
                              Src/main.o (__aeabi_fadd)
e:/ac6/plugins/fr.ac6.mcu.externaltools.arm-none.win32_1.15.0.201708311556/tools/compiler/bin/../lib/gcc/arm-none-eabi/6.3.1/thumb/v7-m\libgcc.a(_arm_muldivsf3.o)
                              Src/main.o (__aeabi_fmul)
e:/ac6/plugins/fr.ac6.mcu.externaltools.arm-none.win32_1.15.0.201708311556/tools/compiler/bin/../lib/gcc/arm-none-eabi/6.3.1/../../../../arm-none-eabi/lib/thumb/v7-m\libc_nano.a(lib_a-atof.o)
                              Src/main.o (atof)
e:/ac6/plugins/fr.ac6.mcu.externaltools.arm-none.win32_1.15.0.201708311556/tools/compiler/bin/../lib/gcc/arm-none-eabi/6.3.1/../../../../arm-none-eabi/lib/thumb/v7-m\libc_nano.a(lib_a-exit.o)
                              e:/ac6/plugins/fr.ac6.mcu.externaltools.arm-none.win32_1.15.0.201708311556/tools/compiler/bin/../lib/gcc/arm-none-eabi/6.3.1/../../../../arm-none-eabi/lib/thumb/v7-m/crt0.o (exit)
e:/ac6/plugins/fr.ac6.mcu.externaltools.arm-none.win32_1.15.0.201708311556/tools/compiler/bin/../lib/gcc/arm-none-eabi/6.3.1/../../../../arm-none-eabi/lib/thumb/v7-m\libc_nano.a(lib_a-impure.o)
                              e:/ac6/plugins/fr.ac6.mcu.externaltools.arm-none.win32_1.15.0.201708311556/tools/compiler/bin/../lib/gcc/arm-none-eabi/6.3.1/../../../../arm-none-eabi/lib/thumb/v7-m\libc_nano.a(lib_a-exit.o) (_global_impure_ptr)
e:/ac6/plugins/fr.ac6.mcu.externaltools.arm-none.win32_1.15.0.201708311556/tools/compiler/bin/../lib/gcc/arm-none-eabi/6.3.1/../../../../arm-none-eabi/lib/thumb/v7-m\libc_nano.a(lib_a-init.o)
                              e:/ac6/plugins/fr.ac6.mcu.externaltools.arm-none.win32_1.15.0.201708311556/tools/compiler/bin/../lib/gcc/arm-none-eabi/6.3.1/../../../../arm-none-eabi/lib/thumb/v7-m/crt0.o (__libc_init_array)
e:/ac6/plugins/fr.ac6.mcu.externaltools.arm-none.win32_1.15.0.201708311556/tools/compiler/bin/../lib/gcc/arm-none-eabi/6.3.1/../../../../arm-none-eabi/lib/thumb/v7-m\libc_nano.a(lib_a-memset.o)
                              e:/ac6/plugins/fr.ac6.mcu.externaltools.arm-none.win32_1.15.0.201708311556/tools/compiler/bin/../lib/gcc/arm-none-eabi/6.3.1/../../../../arm-none-eabi/lib/thumb/v7-m/crt0.o (memset)
e:/ac6/plugins/fr.ac6.mcu.externaltools.arm-none.win32_1.15.0.201708311556/tools/compiler/bin/../lib/gcc/arm-none-eabi/6.3.1/../../../../arm-none-eabi/lib/thumb/v7-m\libc_nano.a(lib_a-sscanf.o)
                              Src/main.o (sscanf)
e:/ac6/plugins/fr.ac6.mcu.externaltools.arm-none.win32_1.15.0.201708311556/tools/compiler/bin/../lib/gcc/arm-none-eabi/6.3.1/../../../../arm-none-eabi/lib/thumb/v7-m\libc_nano.a(lib_a-stdio.o)
                              e:/ac6/plugins/fr.ac6.mcu.externaltools.arm-none.win32_1.15.0.201708311556/tools/compiler/bin/../lib/gcc/arm-none-eabi/6.3.1/../../../../arm-none-eabi/lib/thumb/v7-m\libc_nano.a(lib_a-sscanf.o) (__seofread)
e:/ac6/plugins/fr.ac6.mcu.externaltools.arm-none.win32_1.15.0.201708311556/tools/compiler/bin/../lib/gcc/arm-none-eabi/6.3.1/../../../../arm-none-eabi/lib/thumb/v7-m\libc_nano.a(lib_a-strcmp.o)
                              Src/main.o (strcmp)
e:/ac6/plugins/fr.ac6.mcu.externaltools.arm-none.win32_1.15.0.201708311556/tools/compiler/bin/../lib/gcc/arm-none-eabi/6.3.1/../../../../arm-none-eabi/lib/thumb/v7-m\libc_nano.a(lib_a-strlen.o)
                              e:/ac6/plugins/fr.ac6.mcu.externaltools.arm-none.win32_1.15.0.201708311556/tools/compiler/bin/../lib/gcc/arm-none-eabi/6.3.1/../../../../arm-none-eabi/lib/thumb/v7-m\libc_nano.a(lib_a-sscanf.o) (strlen)
[...]
Memory Configuration

Name             Origin             Length             Attributes
RAM              0x20000000         0x00004000         xrw
FLASH            0x08000000         0x00040000         xr
*default*        0x00000000         0xffffffff

Linker script and memory map

LOAD e:/ac6/plugins/fr.ac6.mcu.externaltools.arm-none.win32_1.15.0.201708311556/tools/compiler/bin/../lib/gcc/arm-none-eabi/6.3.1/thumb/v7-m/crti.o
LOAD e:/ac6/plugins/fr.ac6.mcu.externaltools.arm-none.win32_1.15.0.201708311556/tools/compiler/bin/../lib/gcc/arm-none-eabi/6.3.1/thumb/v7-m/crtbegin.o
LOAD e:/ac6/plugins/fr.ac6.mcu.externaltools.arm-none.win32_1.15.0.201708311556/tools/compiler/bin/../lib/gcc/arm-none-eabi/6.3.1/../../../../arm-none-eabi/lib/thumb/v7-m/crt0.o
LOAD Drivers/STM32L1xx_HAL_Driver/Src/stm32l1xx_hal.o
LOAD Drivers/STM32L1xx_HAL_Driver/Src/stm32l1xx_hal_cortex.o
LOAD Drivers/STM32L1xx_HAL_Driver/Src/stm32l1xx_hal_dac.o
LOAD Drivers/STM32L1xx_HAL_Driver/Src/stm32l1xx_hal_dac_ex.o
LOAD Drivers/STM32L1xx_HAL_Driver/Src/stm32l1xx_hal_dma.o
LOAD Drivers/STM32L1xx_HAL_Driver/Src/stm32l1xx_hal_flash.o
LOAD Drivers/STM32L1xx_HAL_Driver/Src/stm32l1xx_hal_flash_ex.o
LOAD Drivers/STM32L1xx_HAL_Driver/Src/stm32l1xx_hal_flash_ramfunc.o
LOAD Drivers/STM32L1xx_HAL_Driver/Src/stm32l1xx_hal_gpio.o
LOAD Drivers/STM32L1xx_HAL_Driver/Src/stm32l1xx_hal_pwr.o
LOAD Drivers/STM32L1xx_HAL_Driver/Src/stm32l1xx_hal_pwr_ex.o
LOAD Drivers/STM32L1xx_HAL_Driver/Src/stm32l1xx_hal_rcc.o
LOAD Drivers/STM32L1xx_HAL_Driver/Src/stm32l1xx_hal_rcc_ex.o
LOAD Drivers/STM32L1xx_HAL_Driver/Src/stm32l1xx_hal_tim.o
LOAD Drivers/STM32L1xx_HAL_Driver/Src/stm32l1xx_hal_tim_ex.o
LOAD Drivers/STM32L1xx_HAL_Driver/Src/stm32l1xx_hal_uart.o
LOAD Src/main.o
LOAD Src/stm32l1xx_hal_msp.o
LOAD Src/stm32l1xx_it.o
LOAD Src/system_stm32l1xx.o
LOAD startup/startup_stm32l100xc.o
LOAD e:/ac6/plugins/fr.ac6.mcu.externaltools.arm-none.win32_1.15.0.201708311556/tools/compiler/bin/../lib/gcc/arm-none-eabi/6.3.1/../../../../arm-none-eabi/lib/thumb/v7-m\libm.a
START GROUP
LOAD e:/ac6/plugins/fr.ac6.mcu.externaltools.arm-none.win32_1.15.0.201708311556/tools/compiler/bin/../lib/gcc/arm-none-eabi/6.3.1/thumb/v7-m\libgcc.a
LOAD e:/ac6/plugins/fr.ac6.mcu.externaltools.arm-none.win32_1.15.0.201708311556/tools/compiler/bin/../lib/gcc/arm-none-eabi/6.3.1/../../../../arm-none-eabi/lib/thumb/v7-m\libc_nano.a
END GROUP
START GROUP
LOAD e:/ac6/plugins/fr.ac6.mcu.externaltools.arm-none.win32_1.15.0.201708311556/tools/compiler/bin/../lib/gcc/arm-none-eabi/6.3.1/thumb/v7-m\libgcc.a
LOAD e:/ac6/plugins/fr.ac6.mcu.externaltools.arm-none.win32_1.15.0.201708311556/tools/compiler/bin/../lib/gcc/arm-none-eabi/6.3.1/../../../../arm-none-eabi/lib/thumb/v7-m\libc_nano.a
LOAD e:/ac6/plugins/fr.ac6.mcu.externaltools.arm-none.win32_1.15.0.201708311556/tools/compiler/bin/../lib/gcc/arm-none-eabi/6.3.1/../../../../arm-none-eabi/lib/thumb/v7-m\libnosys.a
END GROUP
START GROUP
LOAD e:/ac6/plugins/fr.ac6.mcu.externaltools.arm-none.win32_1.15.0.201708311556/tools/compiler/bin/../lib/gcc/arm-none-eabi/6.3.1/thumb/v7-m\libgcc.a
LOAD e:/ac6/plugins/fr.ac6.mcu.externaltools.arm-none.win32_1.15.0.201708311556/tools/compiler/bin/../lib/gcc/arm-none-eabi/6.3.1/../../../../arm-none-eabi/lib/thumb/v7-m\libc_nano.a
LOAD e:/ac6/plugins/fr.ac6.mcu.externaltools.arm-none.win32_1.15.0.201708311556/tools/compiler/bin/../lib/gcc/arm-none-eabi/6.3.1/../../../../arm-none-eabi/lib/thumb/v7-m\libnosys.a
END GROUP
LOAD e:/ac6/plugins/fr.ac6.mcu.externaltools.arm-none.win32_1.15.0.201708311556/tools/compiler/bin/../lib/gcc/arm-none-eabi/6.3.1/thumb/v7-m/crtend.o
LOAD e:/ac6/plugins/fr.ac6.mcu.externaltools.arm-none.win32_1.15.0.201708311556/tools/compiler/bin/../lib/gcc/arm-none-eabi/6.3.1/thumb/v7-m/crtn.o
                0x20004000                _estack = 0x20004000
                0x00000200                _Min_Heap_Size = 0x200
                0x00000400                _Min_Stack_Size = 0x400

.isr_vector     0x08000000      0x13c
                0x08000000                . = ALIGN (0x4)
 *(.isr_vector)
 .isr_vector    0x08000000      0x13c startup/startup_stm32l100xc.o
                0x08000000                g_pfnVectors
                0x0800013c                . = ALIGN (0x4)

.text           0x08000140     0x5658
                0x08000140                . = ALIGN (0x4)
 *(.text)
 .text          0x08000140       0x6c e:/ac6/plugins/fr.ac6.mcu.externaltools.arm-none.win32_1.15.0.201708311556/tools/compiler/bin/../lib/gcc/arm-none-eabi/6.3.1/thumb/v7-m/crtbegin.o
 .text          0x080001ac      0x370 e:/ac6/plugins/fr.ac6.mcu.externaltools.arm-none.win32_1.15.0.201708311556/tools/compiler/bin/../lib/gcc/arm-none-eabi/6.3.1/thumb/v7-m\libgcc.a(_arm_addsubdf3.o)
                0x080001ac                __aeabi_drsub
                0x080001b4                __aeabi_dsub
                0x080001b4                __subdf3
                0x080001b8                __aeabi_dadd
                0x080001b8                __adddf3
                0x08000430                __floatunsidf
                0x08000430                __aeabi_ui2d
                0x08000450                __floatsidf
                0x08000450                __aeabi_i2d
                0x08000474                __aeabi_f2d
                0x08000474                __extendsfdf2
                0x080004b0                __floatundidf
                0x080004b0                __aeabi_ul2d
                0x080004c0                __floatdidf
                0x080004c0                __aeabi_l2d
 .text          0x0800051c      0x424 e:/ac6/plugins/fr.ac6.mcu.externaltools.arm-none.win32_1.15.0.201708311556/tools/compiler/bin/../lib/gcc/arm-none-eabi/6.3.1/thumb/v7-m\libgcc.a(_arm_muldivdf3.o)
                0x0800051c                __aeabi_dmul
                0x0800051c                __muldf3
                0x08000770                __divdf3
                0x08000770                __aeabi_ddiv
 .text          0x08000940      0x110 e:/ac6/plugins/fr.ac6.mcu.externaltools.arm-none.win32_1.15.0.201708311556/tools/compiler/bin/../lib/gcc/arm-none-eabi/6.3.1/thumb/v7-m\libgcc.a(_arm_cmpdf2.o)
                0x08000940                __gtdf2
                0x08000940                __gedf2
                0x08000948                __ltdf2
                0x08000948                __ledf2
                0x08000950                __nedf2
                0x08000950                __eqdf2
                0x08000950                __cmpdf2
                0x080009cc                __aeabi_cdrcmple
                0x080009dc                __aeabi_cdcmpeq
                0x080009dc                __aeabi_cdcmple
                0x080009ec                __aeabi_dcmpeq
                0x08000a00                __aeabi_dcmplt
                0x08000a14                __aeabi_dcmple
                0x08000a28                __aeabi_dcmpge
                0x08000a3c                __aeabi_dcmpgt
 .text          0x08000a50       0x50 e:/ac6/plugins/fr.ac6.mcu.externaltools.arm-none.win32_1.15.0.201708311556/tools/compiler/bin/../lib/gcc/arm-none-eabi/6.3.1/thumb/v7-m\libgcc.a(_arm_fixdfsi.o)
                0x08000a50                __aeabi_d2iz
                0x08000a50                __fixdfsi
 .text          0x08000aa0       0xa0 e:/ac6/plugins/fr.ac6.mcu.externaltools.arm-none.win32_1.15.0.201708311556/tools/compiler/bin/../lib/gcc/arm-none-eabi/6.3.1/thumb/v7-m\libgcc.a(_arm_truncdfsf2.o)
                0x08000aa0                __truncdfsf2
                0x08000aa0                __aeabi_d2f
 .text          0x08000b40      0x21c e:/ac6/plugins/fr.ac6.mcu.externaltools.arm-none.win32_1.15.0.201708311556/tools/compiler/bin/../lib/gcc/arm-none-eabi/6.3.1/thumb/v7-m\libgcc.a(_arm_addsubsf3.o)
                0x08000b40                __aeabi_frsub
                0x08000b48                __subsf3
                0x08000b48                __aeabi_fsub
                0x08000b4c                __aeabi_fadd
                0x08000b4c                __addsf3
                0x08000cac                __aeabi_ui2f
                0x08000cac                __floatunsisf
                0x08000cb4                __aeabi_i2f
                0x08000cb4                __floatsisf
                0x08000cd0                __aeabi_ul2f
                0x08000cd0                __floatundisf
                0x08000ce0                __aeabi_l2f
                0x08000ce0                __floatdisf
 .text          0x08000d5c      0x2a0 e:/ac6/plugins/fr.ac6.mcu.externaltools.arm-none.win32_1.15.0.201708311556/tools/compiler/bin/../lib/gcc/arm-none-eabi/6.3.1/thumb/v7-m\libgcc.a(_arm_muldivsf3.o)
                0x08000d5c                __mulsf3
                0x08000d5c                __aeabi_fmul
                0x08000ec4                __aeabi_fdiv
                0x08000ec4                __divsf3
 .text          0x08000ffc       0x14 e:/ac6/plugins/fr.ac6.mcu.externaltools.arm-none.win32_1.15.0.201708311556/tools/compiler/bin/../lib/gcc/arm-none-eabi/6.3.1/../../../../arm-none-eabi/lib/thumb/v7-m\libc_nano.a(lib_a-strcmp.o)
                0x08000ffc                strcmp
 .text          0x08001010       0x10 e:/ac6/plugins/fr.ac6.mcu.externaltools.arm-none.win32_1.15.0.201708311556/tools/compiler/bin/../lib/gcc/arm-none-eabi/6.3.1/../../../../arm-none-eabi/lib/thumb/v7-m\libc_nano.a(lib_a-strlen.o)
                0x08001010                strlen
 .text          0x08001020       0x40 e:/ac6/plugins/fr.ac6.mcu.externaltools.arm-none.win32_1.15.0.201708311556/tools/compiler/bin/../lib/gcc/arm-none-eabi/6.3.1/thumb/v7-m\libgcc.a(_arm_fixunsdfsi.o)
                0x08001020                __aeabi_d2uiz
                0x08001020                __fixunsdfsi
 *(.text*)
 .text.HAL_InitTick
                0x08001060       0x2c Drivers/STM32L1xx_HAL_Driver/Src/stm32l1xx_hal.o
                0x08001060                HAL_InitTick
 .text.HAL_Init
                0x0800108c       0x16 Drivers/STM32L1xx_HAL_Driver/Src/stm32l1xx_hal.o
                0x0800108c                HAL_Init
 *fill*         0x080010a2        0x2 
 .text.HAL_IncTick
                0x080010a4       0x10 Drivers/STM32L1xx_HAL_Driver/Src/stm32l1xx_hal.o
                0x080010a4                HAL_IncTick
 .text.HAL_GetTick
                0x080010b4        0xc Drivers/STM32L1xx_HAL_Driver/Src/stm32l1xx_hal.o
                0x080010b4                HAL_GetTick
 .text.HAL_Delay
                0x080010c0       0x1c Drivers/STM32L1xx_HAL_Driver/Src/stm32l1xx_hal.o
                0x080010c0                HAL_Delay
 .text.HAL_NVIC_SetPriorityGrouping
                0x080010dc       0x24 Drivers/STM32L1xx_HAL_Driver/Src/stm32l1xx_hal_cortex.o
                0x080010dc                HAL_NVIC_SetPriorityGrouping
 .text.HAL_NVIC_SetPriority
                0x08001100       0x64 Drivers/STM32L1xx_HAL_Driver/Src/stm32l1xx_hal_cortex.o
                0x08001100                HAL_NVIC_SetPriority
 .text.HAL_NVIC_EnableIRQ
                0x08001164       0x18 Drivers/STM32L1xx_HAL_Driver/Src/stm32l1xx_hal_cortex.o
                0x08001164                HAL_NVIC_EnableIRQ
 .text.HAL_SYSTICK_Config
                0x0800117c       0x2c Drivers/STM32L1xx_HAL_Driver/Src/stm32l1xx_hal_cortex.o
                0x0800117c                HAL_SYSTICK_Config
 .text.HAL_SYSTICK_CLKSourceConfig
                0x080011a8       0x20 Drivers/STM32L1xx_HAL_Driver/Src/stm32l1xx_hal_cortex.o
                0x080011a8                HAL_SYSTICK_CLKSourceConfig
 .text.HAL_SYSTICK_Callback
                0x080011c8        0x2 Drivers/STM32L1xx_HAL_Driver/Src/stm32l1xx_hal_cortex.o
                0x080011c8                HAL_SYSTICK_Callback
 .text.HAL_SYSTICK_IRQHandler
                0x080011ca        0x8 Drivers/STM32L1xx_HAL_Driver/Src/stm32l1xx_hal_cortex.o
                0x080011ca                HAL_SYSTICK_IRQHandler
 .text.HAL_DAC_Init
                0x080011d2       0x24 Drivers/STM32L1xx_HAL_Driver/Src/stm32l1xx_hal_dac.o
                0x080011d2                HAL_DAC_Init
 .text.HAL_DAC_Start
                0x080011f6       0x5c Drivers/STM32L1xx_HAL_Driver/Src/stm32l1xx_hal_dac.o
                0x080011f6                HAL_DAC_Start
 .text.HAL_DAC_ConfigChannel
                0x08001252       0x4a Drivers/STM32L1xx_HAL_Driver/Src/stm32l1xx_hal_dac.o
                0x08001252                HAL_DAC_ConfigChannel
 .text.HAL_DAC_SetValue
                0x0800129c       0x2c Drivers/STM32L1xx_HAL_Driver/Src/stm32l1xx_hal_dac.o
                0x0800129c                HAL_DAC_SetValue
 .text.DMA_SetConfig
                0x080012c8       0x2c Drivers/STM32L1xx_HAL_Driver/Src/stm32l1xx_hal_dma.o
 .text.HAL_DMA_Init
                0x080012f4       0xa0 Drivers/STM32L1xx_HAL_Driver/Src/stm32l1xx_hal_dma.o
                0x080012f4                HAL_DMA_Init
 .text.HAL_DMA_Start_IT
                0x08001394       0x76 Drivers/STM32L1xx_HAL_Driver/Src/stm32l1xx_hal_dma.o
                0x08001394                HAL_DMA_Start_IT
 .text.HAL_DMA_IRQHandler
                0x0800140a       0xb2 Drivers/STM32L1xx_HAL_Driver/Src/stm32l1xx_hal_dma.o
                0x0800140a                HAL_DMA_IRQHandler
 .text.HAL_GPIO_Init
                0x080014bc      0x194 Drivers/STM32L1xx_HAL_Driver/Src/stm32l1xx_hal_gpio.o
                0x080014bc                HAL_GPIO_Init
 .text.HAL_GPIO_WritePin
                0x08001650        0xc Drivers/STM32L1xx_HAL_Driver/Src/stm32l1xx_hal_gpio.o
                0x08001650                HAL_GPIO_WritePin
 .text.HAL_GPIO_TogglePin
                0x0800165c        0x8 Drivers/STM32L1xx_HAL_Driver/Src/stm32l1xx_hal_gpio.o
                0x0800165c                HAL_GPIO_TogglePin
 .text.RCC_SetFlashLatencyFromMSIRange
                0x08001664       0x98 Drivers/STM32L1xx_HAL_Driver/Src/stm32l1xx_hal_rcc.o
 .text.HAL_RCC_OscConfig
                0x080016fc      0x78c Drivers/STM32L1xx_HAL_Driver/Src/stm32l1xx_hal_rcc.o
                0x080016fc                HAL_RCC_OscConfig
 .text.HAL_RCC_GetSysClockFreq
                0x08001e88       0x9c Drivers/STM32L1xx_HAL_Driver/Src/stm32l1xx_hal_rcc.o
                0x08001e88                HAL_RCC_GetSysClockFreq
 .text.HAL_RCC_ClockConfig
                0x08001f24      0x248 Drivers/STM32L1xx_HAL_Driver/Src/stm32l1xx_hal_rcc.o
                0x08001f24                HAL_RCC_ClockConfig
 .text.HAL_RCC_GetHCLKFreq
                0x0800216c        0xc Drivers/STM32L1xx_HAL_Driver/Src/stm32l1xx_hal_rcc.o
                0x0800216c                HAL_RCC_GetHCLKFreq
 .text.HAL_RCC_GetPCLK1Freq
                0x08002178       0x2c Drivers/STM32L1xx_HAL_Driver/Src/stm32l1xx_hal_rcc.o
                0x08002178                HAL_RCC_GetPCLK1Freq
 .text.HAL_RCC_GetPCLK2Freq
                0x080021a4       0x2c Drivers/STM32L1xx_HAL_Driver/Src/stm32l1xx_hal_rcc.o
                0x080021a4                HAL_RCC_GetPCLK2Freq
 .text.UART_Transmit_IT
                0x080021d0       0x6c Drivers/STM32L1xx_HAL_Driver/Src/stm32l1xx_hal_uart.o
 .text.UART_SetConfig
                0x0800223c      0x328 Drivers/STM32L1xx_HAL_Driver/Src/stm32l1xx_hal_uart.o
 .text.HAL_UART_Init
                0x08002564       0x5a Drivers/STM32L1xx_HAL_Driver/Src/stm32l1xx_hal_uart.o
                0x08002564                HAL_UART_Init
 *fill*         0x080025be        0x2 
 .text.HAL_UART_Transmit_DMA
                0x080025c0       0xa0 Drivers/STM32L1xx_HAL_Driver/Src/stm32l1xx_hal_uart.o
                0x080025c0                HAL_UART_Transmit_DMA
 .text.HAL_UART_Receive_DMA
                0x08002660       0x98 Drivers/STM32L1xx_HAL_Driver/Src/stm32l1xx_hal_uart.o
                0x08002660                HAL_UART_Receive_DMA
 .text.UART_DMATransmitCplt
                0x080026f8       0x30 Drivers/STM32L1xx_HAL_Driver/Src/stm32l1xx_hal_uart.o
 .text.UART_EndTransmit_IT
                0x08002728       0x2c Drivers/STM32L1xx_HAL_Driver/Src/stm32l1xx_hal_uart.o
 .text.HAL_UART_TxHalfCpltCallback
                0x08002754        0x2 Drivers/STM32L1xx_HAL_Driver/Src/stm32l1xx_hal_uart.o
                0x08002754                HAL_UART_TxHalfCpltCallback
 .text.UART_DMATxHalfCplt
                0x08002756        0xa Drivers/STM32L1xx_HAL_Driver/Src/stm32l1xx_hal_uart.o
 .text.UART_DMAReceiveCplt
                0x08002760       0x3c Drivers/STM32L1xx_HAL_Driver/Src/stm32l1xx_hal_uart.o
 .text.UART_Receive_IT
                0x0800279c       0xb6 Drivers/STM32L1xx_HAL_Driver/Src/stm32l1xx_hal_uart.o
 .text.HAL_UART_RxHalfCpltCallback
                0x08002852        0x2 Drivers/STM32L1xx_HAL_Driver/Src/stm32l1xx_hal_uart.o
                0x08002852                HAL_UART_RxHalfCpltCallback
 .text.UART_DMARxHalfCplt
                0x08002854        0xa Drivers/STM32L1xx_HAL_Driver/Src/stm32l1xx_hal_uart.o
 .text.HAL_UART_ErrorCallback
                0x0800285e        0x2 Drivers/STM32L1xx_HAL_Driver/Src/stm32l1xx_hal_uart.o
                0x0800285e                HAL_UART_ErrorCallback
 .text.UART_DMAError
                0x08002860       0x1e Drivers/STM32L1xx_HAL_Driver/Src/stm32l1xx_hal_uart.o
 .text.HAL_UART_IRQHandler
                0x0800287e       0xca Drivers/STM32L1xx_HAL_Driver/Src/stm32l1xx_hal_uart.o
                0x0800287e                HAL_UART_IRQHandler
 .text.MX_GPIO_Init
                0x08002948       0x98 Src/main.o
 .text.MX_DMA_Init
                0x080029e0       0x54 Src/main.o
 .text.HAL_UART_TxCpltCallback
                0x08002a34        0x2 Src/main.o
                0x08002a34                HAL_UART_TxCpltCallback
 *fill*         0x08002a36        0x2 
 .text.voltToDacVal
                0x08002a38       0x2c Src/main.o
                0x08002a38                voltToDacVal
 .text.ThrottleCommandToVoltMap
                0x08002a64       0x1c Src/main.o
                0x08002a64                ThrottleCommandToVoltMap
 .text.SteeringCommandToVoltMap
                0x08002a80       0x30 Src/main.o
                0x08002a80                SteeringCommandToVoltMap
 .text.HAL_UART_RxCpltCallback
                0x08002ab0      0x114 Src/main.o
                0x08002ab0                HAL_UART_RxCpltCallback
 .text._Error_Handler
                0x08002bc4       0x1c Src/main.o
                0x08002bc4                _Error_Handler
 .text.MX_USART1_UART_Init
                0x08002be0       0x3c Src/main.o
 .text.MX_DAC_Init
                0x08002c1c       0x5c Src/main.o
 .text.SystemClock_Config
                0x08002c78       0x98 Src/main.o
                0x08002c78                SystemClock_Config
 .text.main     0x08002d10       0x70 Src/main.o
                0x08002d10                main
 .text.HAL_MspInit
                0x08002d80       0xa0 Src/stm32l1xx_hal_msp.o
                0x08002d80                HAL_MspInit
 .text.HAL_DAC_MspInit
                0x08002e20       0x8c Src/stm32l1xx_hal_msp.o
                0x08002e20                HAL_DAC_MspInit
 .text.HAL_UART_MspInit
                0x08002eac       0xdc Src/stm32l1xx_hal_msp.o
                0x08002eac                HAL_UART_MspInit
 .text.SysTick_Handler
                0x08002f88        0xc Src/stm32l1xx_it.o
                0x08002f88                SysTick_Handler
 .text.DMA1_Channel2_IRQHandler
                0x08002f94       0x10 Src/stm32l1xx_it.o
                0x08002f94                DMA1_Channel2_IRQHandler
 .text.DMA1_Channel4_IRQHandler
                0x08002fa4       0x10 Src/stm32l1xx_it.o
                0x08002fa4                DMA1_Channel4_IRQHandler
 .text.DMA1_Channel5_IRQHandler
                0x08002fb4       0x10 Src/stm32l1xx_it.o
                0x08002fb4                DMA1_Channel5_IRQHandler
 .text.USART1_IRQHandler
                0x08002fc4       0x10 Src/stm32l1xx_it.o
                0x08002fc4                USART1_IRQHandler
 .text.SystemInit
                0x08002fd4       0x48 Src/system_stm32l1xx.o
                0x08002fd4                SystemInit
 .text.Reset_Handler
                0x0800301c       0x48 startup/startup_stm32l100xc.o
                0x0800301c                Reset_Handler
 .text.Default_Handler
                0x08003064        0x2 startup/startup_stm32l100xc.o
                0x08003064                RTC_Alarm_IRQHandler
                0x08003064                EXTI2_IRQHandler
                0x08003064                COMP_ACQ_IRQHandler
                0x08003064                DebugMon_Handler
                0x08003064                HardFault_Handler
                0x08003064                TIM10_IRQHandler
                0x08003064                USB_HP_IRQHandler
                0x08003064                TIM6_IRQHandler
                0x08003064                PVD_IRQHandler
                0x08003064                PendSV_Handler
                0x08003064                NMI_Handler
                0x08003064                EXTI3_IRQHandler
                0x08003064                EXTI0_IRQHandler
                0x08003064                I2C2_EV_IRQHandler
                0x08003064                UsageFault_Handler
                0x08003064                SPI1_IRQHandler
                0x08003064                USB_FS_WKUP_IRQHandler
                0x08003064                DMA2_Channel2_IRQHandler
                0x08003064                ADC1_IRQHandler
                0x08003064                USART3_IRQHandler
                0x08003064                DMA1_Channel7_IRQHandler
                0x08003064                LCD_IRQHandler
                0x08003064                TIM4_IRQHandler
                0x08003064                DMA2_Channel1_IRQHandler
                0x08003064                I2C1_EV_IRQHandler
                0x08003064                DMA1_Channel6_IRQHandler
                0x08003064                DMA2_Channel4_IRQHandler
                0x08003064                TIM3_IRQHandler
                0x08003064                RCC_IRQHandler
                0x08003064                DMA1_Channel1_IRQHandler
                0x08003064                Default_Handler
                0x08003064                EXTI15_10_IRQHandler
                0x08003064                TIM7_IRQHandler
                0x08003064                EXTI9_5_IRQHandler
                0x08003064                TIM9_IRQHandler
                0x08003064                TAMPER_STAMP_IRQHandler
                0x08003064                RTC_WKUP_IRQHandler
                0x08003064                SPI2_IRQHandler
                0x08003064                MemManage_Handler
                0x08003064                SVC_Handler
                0x08003064                DMA2_Channel5_IRQHandler
                0x08003064                USB_LP_IRQHandler
                0x08003064                EXTI4_IRQHandler
                0x08003064                DMA1_Channel3_IRQHandler
                0x08003064                COMP_IRQHandler
                0x08003064                WWDG_IRQHandler
                0x08003064                TIM2_IRQHandler
                0x08003064                DAC_IRQHandler
                0x08003064                EXTI1_IRQHandler
                0x08003064                TIM11_IRQHandler
                0x08003064                USART2_IRQHandler
                0x08003064                I2C2_ER_IRQHandler
                0x08003064                FLASH_IRQHandler
                0x08003064                BusFault_Handler
                0x08003064                SPI3_IRQHandler
                0x08003064                I2C1_ER_IRQHandler
                0x08003064                DMA2_Channel3_IRQHandler
 .text.atof     0x08003066        0x6 e:/ac6/plugins/fr.ac6.mcu.externaltools.arm-none.win32_1.15.0.201708311556/tools/compiler/bin/../lib/gcc/arm-none-eabi/6.3.1/../../../../arm-none-eabi/lib/thumb/v7-m\libc_nano.a(lib_a-atof.o)
                0x08003066                atof
 .text.__libc_init_array
                0x0800306c       0x48 e:/ac6/plugins/fr.ac6.mcu.externaltools.arm-none.win32_1.15.0.201708311556/tools/compiler/bin/../lib/gcc/arm-none-eabi/6.3.1/../../../../arm-none-eabi/lib/thumb/v7-m\libc_nano.a(lib_a-init.o)
                0x0800306c                __libc_init_array
 .text.memset   0x080030b4       0x10 e:/ac6/plugins/fr.ac6.mcu.externaltools.arm-none.win32_1.15.0.201708311556/tools/compiler/bin/../lib/gcc/arm-none-eabi/6.3.1/../../../../arm-none-eabi/lib/thumb/v7-m\libc_nano.a(lib_a-memset.o)
                0x080030b4                memset
 .text.sscanf   0x080030c4       0x54 e:/ac6/plugins/fr.ac6.mcu.externaltools.arm-none.win32_1.15.0.201708311556/tools/compiler/bin/../lib/gcc/arm-none-eabi/6.3.1/../../../../arm-none-eabi/lib/thumb/v7-m\libc_nano.a(lib_a-sscanf.o)
                0x080030c4                siscanf
                0x080030c4                sscanf
 .text.__seofread
                0x08003118        0x4 e:/ac6/plugins/fr.ac6.mcu.externaltools.arm-none.win32_1.15.0.201708311556/tools/compiler/bin/../lib/gcc/arm-none-eabi/6.3.1/../../../../arm-none-eabi/lib/thumb/v7-m\libc_nano.a(lib_a-stdio.o)
                0x08003118                __seofread
 .text.unlikely.sulp
                0x0800311c       0x42 e:/ac6/plugins/fr.ac6.mcu.externaltools.arm-none.win32_1.15.0.201708311556/tools/compiler/bin/../lib/gcc/arm-none-eabi/6.3.1/../../../../arm-none-eabi/lib/thumb/v7-m\libc_nano.a(lib_a-strtod.o)
 *fill*         0x0800315e        0x2 
 .text._strtod_l
                0x08003160      0xbf0 e:/ac6/plugins/fr.ac6.mcu.externaltools.arm-none.win32_1.15.0.201708311556/tools/compiler/bin/../lib/gcc/arm-none-eabi/6.3.1/../../../../arm-none-eabi/lib/thumb/v7-m\libc_nano.a(lib_a-strtod.o)
                0x08003160                _strtod_l
 .text.strtod   0x08003d50       0x24 e:/ac6/plugins/fr.ac6.mcu.externaltools.arm-none.win32_1.15.0.201708311556/tools/compiler/bin/../lib/gcc/arm-none-eabi/6.3.1/../../../../arm-none-eabi/lib/thumb/v7-m\libc_nano.a(lib_a-strtod.o)
                0x08003d50                strtod
 .text.rshift   0x08003d74       0x6a e:/ac6/plugins/fr.ac6.mcu.externaltools.arm-none.win32_1.15.0.201708311556/tools/compiler/bin/../lib/gcc/arm-none-eabi/6.3.1/../../../../arm-none-eabi/lib/thumb/v7-m\libc_nano.a(lib_a-gdtoa-gethex.o)
 .text.__hexdig_fun
                0x08003dde       0x2a e:/ac6/plugins/fr.ac6.mcu.externaltools.arm-none.win32_1.15.0.201708311556/tools/compiler/bin/../lib/gcc/arm-none-eabi/6.3.1/../../../../arm-none-eabi/lib/thumb/v7-m\libc_nano.a(lib_a-gdtoa-gethex.o)
                0x08003dde                __hexdig_fun
 .text.__gethex
                0x08003e08      0x43e e:/ac6/plugins/fr.ac6.mcu.externaltools.arm-none.win32_1.15.0.201708311556/tools/compiler/bin/../lib/gcc/arm-none-eabi/6.3.1/../../../../arm-none-eabi/lib/thumb/v7-m\libc_nano.a(lib_a-gdtoa-gethex.o)
                0x08003e08                __gethex
 .text.L_shift  0x08004246       0x24 e:/ac6/plugins/fr.ac6.mcu.externaltools.arm-none.win32_1.15.0.201708311556/tools/compiler/bin/../lib/gcc/arm-none-eabi/6.3.1/../../../../arm-none-eabi/lib/thumb/v7-m\libc_nano.a(lib_a-gdtoa-hexnan.o)
 .text.__match  0x0800426a       0x26 e:/ac6/plugins/fr.ac6.mcu.externaltools.arm-none.win32_1.15.0.201708311556/tools/compiler/bin/../lib/gcc/arm-none-eabi/6.3.1/../../../../arm-none-eabi/lib/thumb/v7-m\libc_nano.a(lib_a-gdtoa-hexnan.o)
                0x0800426a                __match
 .text.__hexnan
                0x08004290      0x120 e:/ac6/plugins/fr.ac6.mcu.externaltools.arm-none.win32_1.15.0.201708311556/tools/compiler/bin/../lib/gcc/arm-none-eabi/6.3.1/../../../../arm-none-eabi/lib/thumb/v7-m\libc_nano.a(lib_a-gdtoa-hexnan.o)
                0x08004290                __hexnan
 .text.__locale_ctype_ptr_l
                0x080043b0        0x6 e:/ac6/plugins/fr.ac6.mcu.externaltools.arm-none.win32_1.15.0.201708311556/tools/compiler/bin/../lib/gcc/arm-none-eabi/6.3.1/../../../../arm-none-eabi/lib/thumb/v7-m\libc_nano.a(lib_a-locale.o)
                0x080043b0                __locale_ctype_ptr_l
 *fill*         0x080043b6        0x2 
 .text.__locale_ctype_ptr
                0x080043b8       0x1c e:/ac6/plugins/fr.ac6.mcu.externaltools.arm-none.win32_1.15.0.201708311556/tools/compiler/bin/../lib/gcc/arm-none-eabi/6.3.1/../../../../arm-none-eabi/lib/thumb/v7-m\libc_nano.a(lib_a-locale.o)
                0x080043b8                __locale_ctype_ptr
 .text.__localeconv_l
                0x080043d4        0x4 e:/ac6/plugins/fr.ac6.mcu.externaltools.arm-none.win32_1.15.0.201708311556/tools/compiler/bin/../lib/gcc/arm-none-eabi/6.3.1/../../../../arm-none-eabi/lib/thumb/v7-m\libc_nano.a(lib_a-localeconv.o)
                0x080043d4                __localeconv_l
 .text.__ascii_mbtowc
                0x080043d8       0x24 e:/ac6/plugins/fr.ac6.mcu.externaltools.arm-none.win32_1.15.0.201708311556/tools/compiler/bin/../lib/gcc/arm-none-eabi/6.3.1/../../../../arm-none-eabi/lib/thumb/v7-m\libc_nano.a(lib_a-mbtowc_r.o)
                0x080043d8                __ascii_mbtowc
 .text.memcpy   0x080043fc       0x16 e:/ac6/plugins/fr.ac6.mcu.externaltools.arm-none.win32_1.15.0.201708311556/tools/compiler/bin/../lib/gcc/arm-none-eabi/6.3.1/../../../../arm-none-eabi/lib/thumb/v7-m\libc_nano.a(lib_a-memcpy-stub.o)
                0x080043fc                memcpy
 .text._Balloc  0x08004412       0x68 e:/ac6/plugins/fr.ac6.mcu.externaltools.arm-none.win32_1.15.0.201708311556/tools/compiler/bin/../lib/gcc/arm-none-eabi/6.3.1/../../../../arm-none-eabi/lib/thumb/v7-m\libc_nano.a(lib_a-mprec.o)
                0x08004412                _Balloc
 .text._Bfree   0x0800447a       0x2e e:/ac6/plugins/fr.ac6.mcu.externaltools.arm-none.win32_1.15.0.201708311556/tools/compiler/bin/../lib/gcc/arm-none-eabi/6.3.1/../../../../arm-none-eabi/lib/thumb/v7-m\libc_nano.a(lib_a-mprec.o)
                0x0800447a                _Bfree
 .text.__multadd
                0x080044a8       0x76 e:/ac6/plugins/fr.ac6.mcu.externaltools.arm-none.win32_1.15.0.201708311556/tools/compiler/bin/../lib/gcc/arm-none-eabi/6.3.1/../../../../arm-none-eabi/lib/thumb/v7-m\libc_nano.a(lib_a-mprec.o)
                0x080044a8                __multadd
 .text.__s2b    0x0800451e       0x7c e:/ac6/plugins/fr.ac6.mcu.externaltools.arm-none.win32_1.15.0.201708311556/tools/compiler/bin/../lib/gcc/arm-none-eabi/6.3.1/../../../../arm-none-eabi/lib/thumb/v7-m\libc_nano.a(lib_a-mprec.o)
                0x0800451e                __s2b
 .text.__hi0bits
                0x0800459a       0x3e e:/ac6/plugins/fr.ac6.mcu.externaltools.arm-none.win32_1.15.0.201708311556/tools/compiler/bin/../lib/gcc/arm-none-eabi/6.3.1/../../../../arm-none-eabi/lib/thumb/v7-m\libc_nano.a(lib_a-mprec.o)
                0x0800459a                __hi0bits
 .text.__lo0bits
                0x080045d8       0x5e e:/ac6/plugins/fr.ac6.mcu.externaltools.arm-none.win32_1.15.0.201708311556/tools/compiler/bin/../lib/gcc/arm-none-eabi/6.3.1/../../../../arm-none-eabi/lib/thumb/v7-m\libc_nano.a(lib_a-mprec.o)
                0x080045d8                __lo0bits
 .text.__i2b    0x08004636       0x12 e:/ac6/plugins/fr.ac6.mcu.externaltools.arm-none.win32_1.15.0.201708311556/tools/compiler/bin/../lib/gcc/arm-none-eabi/6.3.1/../../../../arm-none-eabi/lib/thumb/v7-m\libc_nano.a(lib_a-mprec.o)
                0x08004636                __i2b
 .text.__multiply
                0x08004648      0x118 e:/ac6/plugins/fr.ac6.mcu.externaltools.arm-none.win32_1.15.0.201708311556/tools/compiler/bin/../lib/gcc/arm-none-eabi/6.3.1/../../../../arm-none-eabi/lib/thumb/v7-m\libc_nano.a(lib_a-mprec.o)
                0x08004648                __multiply
 .text.__pow5mult
                0x08004760       0x9c e:/ac6/plugins/fr.ac6.mcu.externaltools.arm-none.win32_1.15.0.201708311556/tools/compiler/bin/../lib/gcc/arm-none-eabi/6.3.1/../../../../arm-none-eabi/lib/thumb/v7-m\libc_nano.a(lib_a-mprec.o)
                0x08004760                __pow5mult
 .text.__lshift
                0x080047fc       0xa2 e:/ac6/plugins/fr.ac6.mcu.externaltools.arm-none.win32_1.15.0.201708311556/tools/compiler/bin/../lib/gcc/arm-none-eabi/6.3.1/../../../../arm-none-eabi/lib/thumb/v7-m\libc_nano.a(lib_a-mprec.o)
                0x080047fc                __lshift
 .text.__mcmp   0x0800489e       0x34 e:/ac6/plugins/fr.ac6.mcu.externaltools.arm-none.win32_1.15.0.201708311556/tools/compiler/bin/../lib/gcc/arm-none-eabi/6.3.1/../../../../arm-none-eabi/lib/thumb/v7-m\libc_nano.a(lib_a-mprec.o)
                0x0800489e                __mcmp
 .text.__mdiff  0x080048d2       0xbe e:/ac6/plugins/fr.ac6.mcu.externaltools.arm-none.win32_1.15.0.201708311556/tools/compiler/bin/../lib/gcc/arm-none-eabi/6.3.1/../../../../arm-none-eabi/lib/thumb/v7-m\libc_nano.a(lib_a-mprec.o)
                0x080048d2                __mdiff
 .text.__ulp    0x08004990       0x48 e:/ac6/plugins/fr.ac6.mcu.externaltools.arm-none.win32_1.15.0.201708311556/tools/compiler/bin/../lib/gcc/arm-none-eabi/6.3.1/../../../../arm-none-eabi/lib/thumb/v7-m\libc_nano.a(lib_a-mprec.o)
                0x08004990                __ulp
 .text.__b2d    0x080049d8       0xa4 e:/ac6/plugins/fr.ac6.mcu.externaltools.arm-none.win32_1.15.0.201708311556/tools/compiler/bin/../lib/gcc/arm-none-eabi/6.3.1/../../../../arm-none-eabi/lib/thumb/v7-m\libc_nano.a(lib_a-mprec.o)
                0x080049d8                __b2d
 .text.__d2b    0x08004a7c       0x9e e:/ac6/plugins/fr.ac6.mcu.externaltools.arm-none.win32_1.15.0.201708311556/tools/compiler/bin/../lib/gcc/arm-none-eabi/6.3.1/../../../../arm-none-eabi/lib/thumb/v7-m\libc_nano.a(lib_a-mprec.o)
                0x08004a7c                __d2b
 .text.__ratio  0x08004b1a       0x50 e:/ac6/plugins/fr.ac6.mcu.externaltools.arm-none.win32_1.15.0.201708311556/tools/compiler/bin/../lib/gcc/arm-none-eabi/6.3.1/../../../../arm-none-eabi/lib/thumb/v7-m\libc_nano.a(lib_a-mprec.o)
                0x08004b1a                __ratio
 .text.__copybits
                0x08004b6a       0x34 e:/ac6/plugins/fr.ac6.mcu.externaltools.arm-none.win32_1.15.0.201708311556/tools/compiler/bin/../lib/gcc/arm-none-eabi/6.3.1/../../../../arm-none-eabi/lib/thumb/v7-m\libc_nano.a(lib_a-mprec.o)
                0x08004b6a                __copybits
 .text.__any_on
                0x08004b9e       0x42 e:/ac6/plugins/fr.ac6.mcu.externaltools.arm-none.win32_1.15.0.201708311556/tools/compiler/bin/../lib/gcc/arm-none-eabi/6.3.1/../../../../arm-none-eabi/lib/thumb/v7-m\libc_nano.a(lib_a-mprec.o)
                0x08004b9e                __any_on
 .text._calloc_r
                0x08004be0       0x1c e:/ac6/plugins/fr.ac6.mcu.externaltools.arm-none.win32_1.15.0.201708311556/tools/compiler/bin/../lib/gcc/arm-none-eabi/6.3.1/../../../../arm-none-eabi/lib/thumb/v7-m\libc_nano.a(lib_a-nano-callocr.o)
                0x08004be0                _calloc_r
 .text._malloc_r
                0x08004bfc       0xbc e:/ac6/plugins/fr.ac6.mcu.externaltools.arm-none.win32_1.15.0.201708311556/tools/compiler/bin/../lib/gcc/arm-none-eabi/6.3.1/../../../../arm-none-eabi/lib/thumb/v7-m\libc_nano.a(lib_a-nano-mallocr.o)
                0x08004bfc                _malloc_r
 .text._sungetc_r
                0x08004cb8       0x7a e:/ac6/plugins/fr.ac6.mcu.externaltools.arm-none.win32_1.15.0.201708311556/tools/compiler/bin/../lib/gcc/arm-none-eabi/6.3.1/../../../../arm-none-eabi/lib/thumb/v7-m\libc_nano.a(lib_a-nano-svfscanf.o)
                0x08004cb8                _sungetc_r
 .text.__ssrefill_r
                0x08004d32       0x3a e:/ac6/plugins/fr.ac6.mcu.externaltools.arm-none.win32_1.15.0.201708311556/tools/compiler/bin/../lib/gcc/arm-none-eabi/6.3.1/../../../../arm-none-eabi/lib/thumb/v7-m\libc_nano.a(lib_a-nano-svfscanf.o)
                0x08004d32                __ssrefill_r
 .text.__ssvfscanf_r
                0x08004d6c      0x2a8 e:/ac6/plugins/fr.ac6.mcu.externaltools.arm-none.win32_1.15.0.201708311556/tools/compiler/bin/../lib/gcc/arm-none-eabi/6.3.1/../../../../arm-none-eabi/lib/thumb/v7-m\libc_nano.a(lib_a-nano-svfscanf.o)
                0x08004d6c                __ssvfiscanf_r
                0x08004d6c                __ssvfscanf_r
 .text._scanf_chars
                0x08005014       0xc6 e:/ac6/plugins/fr.ac6.mcu.externaltools.arm-none.win32_1.15.0.201708311556/tools/compiler/bin/../lib/gcc/arm-none-eabi/6.3.1/../../../../arm-none-eabi/lib/thumb/v7-m\libc_nano.a(lib_a-nano-vfscanf_i.o)
                0x08005014                _scanf_chars
 *fill*         0x080050da        0x2 
 .text._scanf_i
                0x080050dc      0x1ec e:/ac6/plugins/fr.ac6.mcu.externaltools.arm-none.win32_1.15.0.201708311556/tools/compiler/bin/../lib/gcc/arm-none-eabi/6.3.1/../../../../arm-none-eabi/lib/thumb/v7-m\libc_nano.a(lib_a-nano-vfscanf_i.o)
                0x080050dc                _scanf_i
 .text._sbrk_r  0x080052c8       0x20 e:/ac6/plugins/fr.ac6.mcu.externaltools.arm-none.win32_1.15.0.201708311556/tools/compiler/bin/../lib/gcc/arm-none-eabi/6.3.1/../../../../arm-none-eabi/lib/thumb/v7-m\libc_nano.a(lib_a-sbrkr.o)
                0x080052c8                _sbrk_r
 .text.__sccl   0x080052e8       0x5e e:/ac6/plugins/fr.ac6.mcu.externaltools.arm-none.win32_1.15.0.201708311556/tools/compiler/bin/../lib/gcc/arm-none-eabi/6.3.1/../../../../arm-none-eabi/lib/thumb/v7-m\libc_nano.a(lib_a-sccl.o)
                0x080052e8                __sccl
 .text.strncmp  0x08005346       0x24 e:/ac6/plugins/fr.ac6.mcu.externaltools.arm-none.win32_1.15.0.201708311556/tools/compiler/bin/../lib/gcc/arm-none-eabi/6.3.1/../../../../arm-none-eabi/lib/thumb/v7-m\libc_nano.a(lib_a-strncmp.o)
                0x08005346                strncmp
 .text._strtol_l.isra.0
                0x0800536a      0x100 e:/ac6/plugins/fr.ac6.mcu.externaltools.arm-none.win32_1.15.0.201708311556/tools/compiler/bin/../lib/gcc/arm-none-eabi/6.3.1/../../../../arm-none-eabi/lib/thumb/v7-m\libc_nano.a(lib_a-strtol.o)
 *fill*         0x0800546a        0x2 
 .text._strtol_r
                0x0800546c       0x24 e:/ac6/plugins/fr.ac6.mcu.externaltools.arm-none.win32_1.15.0.201708311556/tools/compiler/bin/../lib/gcc/arm-none-eabi/6.3.1/../../../../arm-none-eabi/lib/thumb/v7-m\libc_nano.a(lib_a-strtol.o)
                0x0800546c                _strtol_r
 .text._strtoul_l.isra.0
                0x08005490       0xfa e:/ac6/plugins/fr.ac6.mcu.externaltools.arm-none.win32_1.15.0.201708311556/tools/compiler/bin/../lib/gcc/arm-none-eabi/6.3.1/../../../../arm-none-eabi/lib/thumb/v7-m\libc_nano.a(lib_a-strtoul.o)
 *fill*         0x0800558a        0x2 
 .text._strtoul_r
                0x0800558c       0x24 e:/ac6/plugins/fr.ac6.mcu.externaltools.arm-none.win32_1.15.0.201708311556/tools/compiler/bin/../lib/gcc/arm-none-eabi/6.3.1/../../../../arm-none-eabi/lib/thumb/v7-m\libc_nano.a(lib_a-strtoul.o)
                0x0800558c                _strtoul_r
 .text.__submore
                0x080055b0       0x72 e:/ac6/plugins/fr.ac6.mcu.externaltools.arm-none.win32_1.15.0.201708311556/tools/compiler/bin/../lib/gcc/arm-none-eabi/6.3.1/../../../../arm-none-eabi/lib/thumb/v7-m\libc_nano.a(lib_a-ungetc.o)
                0x080055b0                __submore
 .text.__ascii_wctomb
                0x08005622       0x1a e:/ac6/plugins/fr.ac6.mcu.externaltools.arm-none.win32_1.15.0.201708311556/tools/compiler/bin/../lib/gcc/arm-none-eabi/6.3.1/../../../../arm-none-eabi/lib/thumb/v7-m\libc_nano.a(lib_a-wctomb_r.o)
                0x08005622                __ascii_wctomb
 .text.malloc   0x0800563c       0x10 e:/ac6/plugins/fr.ac6.mcu.externaltools.arm-none.win32_1.15.0.201708311556/tools/compiler/bin/../lib/gcc/arm-none-eabi/6.3.1/../../../../arm-none-eabi/lib/thumb/v7-m\libc_nano.a(lib_a-malloc.o)
                0x0800563c                malloc
 .text.memchr   0x0800564c       0x1c e:/ac6/plugins/fr.ac6.mcu.externaltools.arm-none.win32_1.15.0.201708311556/tools/compiler/bin/../lib/gcc/arm-none-eabi/6.3.1/../../../../arm-none-eabi/lib/thumb/v7-m\libc_nano.a(lib_a-memchr-stub.o)
                0x0800564c                memchr
 .text.__malloc_lock
                0x08005668        0x2 e:/ac6/plugins/fr.ac6.mcu.externaltools.arm-none.win32_1.15.0.201708311556/tools/compiler/bin/../lib/gcc/arm-none-eabi/6.3.1/../../../../arm-none-eabi/lib/thumb/v7-m\libc_nano.a(lib_a-mlock.o)
                0x08005668                __malloc_lock
 .text.__malloc_unlock
                0x0800566a        0x2 e:/ac6/plugins/fr.ac6.mcu.externaltools.arm-none.win32_1.15.0.201708311556/tools/compiler/bin/../lib/gcc/arm-none-eabi/6.3.1/../../../../arm-none-eabi/lib/thumb/v7-m\libc_nano.a(lib_a-mlock.o)
                0x0800566a                __malloc_unlock
 .text._free_r  0x0800566c       0x98 e:/ac6/plugins/fr.ac6.mcu.externaltools.arm-none.win32_1.15.0.201708311556/tools/compiler/bin/../lib/gcc/arm-none-eabi/6.3.1/../../../../arm-none-eabi/lib/thumb/v7-m\libc_nano.a(lib_a-nano-freer.o)
                0x0800566c                _free_r
 .text._realloc_r
                0x08005704       0x4c e:/ac6/plugins/fr.ac6.mcu.externaltools.arm-none.win32_1.15.0.201708311556/tools/compiler/bin/../lib/gcc/arm-none-eabi/6.3.1/../../../../arm-none-eabi/lib/thumb/v7-m\libc_nano.a(lib_a-nano-reallocr.o)
                0x08005704                _realloc_r
 .text._malloc_usable_size_r
                0x08005750       0x12 e:/ac6/plugins/fr.ac6.mcu.externaltools.arm-none.win32_1.15.0.201708311556/tools/compiler/bin/../lib/gcc/arm-none-eabi/6.3.1/../../../../arm-none-eabi/lib/thumb/v7-m\libc_nano.a(lib_a-nano-msizer.o)
                0x08005750                _malloc_usable_size_r
 *fill*         0x08005762        0x2 
 .text._sbrk    0x08005764       0x1c e:/ac6/plugins/fr.ac6.mcu.externaltools.arm-none.win32_1.15.0.201708311556/tools/compiler/bin/../lib/gcc/arm-none-eabi/6.3.1/../../../../arm-none-eabi/lib/thumb/v7-m\libnosys.a(sbrk.o)
                0x08005764                _sbrk
 *(.glue_7)
 .glue_7        0x08005780        0x0 linker stubs
 *(.glue_7t)
 .glue_7t       0x08005780        0x0 linker stubs
 *(.eh_frame)
 .eh_frame      0x08005780        0x0 e:/ac6/plugins/fr.ac6.mcu.externaltools.arm-none.win32_1.15.0.201708311556/tools/compiler/bin/../lib/gcc/arm-none-eabi/6.3.1/thumb/v7-m/crtbegin.o
 *(.init)
 .init          0x08005780        0x4 e:/ac6/plugins/fr.ac6.mcu.externaltools.arm-none.win32_1.15.0.201708311556/tools/compiler/bin/../lib/gcc/arm-none-eabi/6.3.1/thumb/v7-m/crti.o
                0x08005780                _init
 .init          0x08005784        0x8 e:/ac6/plugins/fr.ac6.mcu.externaltools.arm-none.win32_1.15.0.201708311556/tools/compiler/bin/../lib/gcc/arm-none-eabi/6.3.1/thumb/v7-m/crtn.o
 *(.fini)
 .fini          0x0800578c        0x4 e:/ac6/plugins/fr.ac6.mcu.externaltools.arm-none.win32_1.15.0.201708311556/tools/compiler/bin/../lib/gcc/arm-none-eabi/6.3.1/thumb/v7-m/crti.o
                0x0800578c                _fini
 .fini          0x08005790        0x8 e:/ac6/plugins/fr.ac6.mcu.externaltools.arm-none.win32_1.15.0.201708311556/tools/compiler/bin/../lib/gcc/arm-none-eabi/6.3.1/thumb/v7-m/crtn.o
                0x08005798                . = ALIGN (0x4)
                0x08005798                _etext = .

.vfp11_veneer   0x08005798        0x0
 .vfp11_veneer  0x08005798        0x0 linker stubs

.v4_bx          0x08005798        0x0
 .v4_bx         0x08005798        0x0 linker stubs

.iplt           0x08005798        0x0
 .iplt          0x08005798        0x0 e:/ac6/plugins/fr.ac6.mcu.externaltools.arm-none.win32_1.15.0.201708311556/tools/compiler/bin/../lib/gcc/arm-none-eabi/6.3.1/thumb/v7-m/crtbegin.o

.rodata         0x08005798      0x35c
                0x08005798                . = ALIGN (0x4)
 *(.rodata)
 .rodata        0x08005798       0x24 Src/system_stm32l1xx.o
                0x08005798                PLLMulTable
                0x080057a4                AHBPrescTable
                0x080057b4                APBPrescTable
 .rodata        0x080057bc        0xc e:/ac6/plugins/fr.ac6.mcu.externaltools.arm-none.win32_1.15.0.201708311556/tools/compiler/bin/../lib/gcc/arm-none-eabi/6.3.1/../../../../arm-none-eabi/lib/thumb/v7-m\libc_nano.a(lib_a-nano-vfscanf_i.o)
 *(.rodata*)
 .rodata.str1.4
                0x080057c8       0x22 Src/main.o
 *fill*         0x080057ea        0x2 
 .rodata.str1.4
                0x080057ec       0x1c Src/stm32l1xx_hal_msp.o
                                 0x1b (size before relaxing)
 .rodata._strtod_l.str1.1
                0x08005808        0xc e:/ac6/plugins/fr.ac6.mcu.externaltools.arm-none.win32_1.15.0.201708311556/tools/compiler/bin/../lib/gcc/arm-none-eabi/6.3.1/../../../../arm-none-eabi/lib/thumb/v7-m\libc_nano.a(lib_a-strtod.o)
 .rodata.fpi.6129
                0x08005814       0x14 e:/ac6/plugins/fr.ac6.mcu.externaltools.arm-none.win32_1.15.0.201708311556/tools/compiler/bin/../lib/gcc/arm-none-eabi/6.3.1/../../../../arm-none-eabi/lib/thumb/v7-m\libc_nano.a(lib_a-strtod.o)
 .rodata.fpinan.6165
                0x08005828       0x14 e:/ac6/plugins/fr.ac6.mcu.externaltools.arm-none.win32_1.15.0.201708311556/tools/compiler/bin/../lib/gcc/arm-none-eabi/6.3.1/../../../../arm-none-eabi/lib/thumb/v7-m\libc_nano.a(lib_a-strtod.o)
 *fill*         0x0800583c        0x4 
 .rodata.tinytens
                0x08005840       0x28 e:/ac6/plugins/fr.ac6.mcu.externaltools.arm-none.win32_1.15.0.201708311556/tools/compiler/bin/../lib/gcc/arm-none-eabi/6.3.1/../../../../arm-none-eabi/lib/thumb/v7-m\libc_nano.a(lib_a-strtod.o)
 .rodata._setlocale_r.str1.1
                0x08005868        0x8 e:/ac6/plugins/fr.ac6.mcu.externaltools.arm-none.win32_1.15.0.201708311556/tools/compiler/bin/../lib/gcc/arm-none-eabi/6.3.1/../../../../arm-none-eabi/lib/thumb/v7-m\libc_nano.a(lib_a-locale.o)
                                  0x9 (size before relaxing)
 .rodata.str1.1
                0x08005870        0x2 e:/ac6/plugins/fr.ac6.mcu.externaltools.arm-none.win32_1.15.0.201708311556/tools/compiler/bin/../lib/gcc/arm-none-eabi/6.3.1/../../../../arm-none-eabi/lib/thumb/v7-m\libc_nano.a(lib_a-locale.o)
 *fill*         0x08005872        0x6 
 .rodata.__mprec_bigtens
                0x08005878       0x28 e:/ac6/plugins/fr.ac6.mcu.externaltools.arm-none.win32_1.15.0.201708311556/tools/compiler/bin/../lib/gcc/arm-none-eabi/6.3.1/../../../../arm-none-eabi/lib/thumb/v7-m\libc_nano.a(lib_a-mprec.o)
                0x08005878                __mprec_bigtens
 .rodata.__mprec_tens
                0x080058a0       0xc8 e:/ac6/plugins/fr.ac6.mcu.externaltools.arm-none.win32_1.15.0.201708311556/tools/compiler/bin/../lib/gcc/arm-none-eabi/6.3.1/../../../../arm-none-eabi/lib/thumb/v7-m\libc_nano.a(lib_a-mprec.o)
                0x080058a0                __mprec_tens
 .rodata.p05.6047
                0x08005968        0xc e:/ac6/plugins/fr.ac6.mcu.externaltools.arm-none.win32_1.15.0.201708311556/tools/compiler/bin/../lib/gcc/arm-none-eabi/6.3.1/../../../../arm-none-eabi/lib/thumb/v7-m\libc_nano.a(lib_a-mprec.o)
 .rodata.__ssvfscanf_r.str1.1
                0x08005974        0x4 e:/ac6/plugins/fr.ac6.mcu.externaltools.arm-none.win32_1.15.0.201708311556/tools/compiler/bin/../lib/gcc/arm-none-eabi/6.3.1/../../../../arm-none-eabi/lib/thumb/v7-m\libc_nano.a(lib_a-nano-svfscanf.o)
 .rodata._scanf_i.str1.1
                0x08005978       0x12 e:/ac6/plugins/fr.ac6.mcu.externaltools.arm-none.win32_1.15.0.201708311556/tools/compiler/bin/../lib/gcc/arm-none-eabi/6.3.1/../../../../arm-none-eabi/lib/thumb/v7-m\libc_nano.a(lib_a-nano-vfscanf_i.o)
 .rodata.str1.1
                0x0800598a        0x9 e:/ac6/plugins/fr.ac6.mcu.externaltools.arm-none.win32_1.15.0.201708311556/tools/compiler/bin/../lib/gcc/arm-none-eabi/6.3.1/../../../../arm-none-eabi/lib/thumb/v7-m\libc_nano.a(lib_a-nano-vfscanf_i.o)
 .rodata._ctype_
                0x08005993      0x101 e:/ac6/plugins/fr.ac6.mcu.externaltools.arm-none.win32_1.15.0.201708311556/tools/compiler/bin/../lib/gcc/arm-none-eabi/6.3.1/../../../../arm-none-eabi/lib/thumb/v7-m\libc_nano.a(lib_a-ctype_.o)
                0x08005993                _ctype_
 .rodata.__sf_fake_stderr
                0x08005a94       0x20 e:/ac6/plugins/fr.ac6.mcu.externaltools.arm-none.win32_1.15.0.201708311556/tools/compiler/bin/../lib/gcc/arm-none-eabi/6.3.1/../../../../arm-none-eabi/lib/thumb/v7-m\libc_nano.a(lib_a-findfp.o)
                0x08005a94                __sf_fake_stderr
 .rodata.__sf_fake_stdin
                0x08005ab4       0x20 e:/ac6/plugins/fr.ac6.mcu.externaltools.arm-none.win32_1.15.0.201708311556/tools/compiler/bin/../lib/gcc/arm-none-eabi/6.3.1/../../../../arm-none-eabi/lib/thumb/v7-m\libc_nano.a(lib_a-findfp.o)
                0x08005ab4                __sf_fake_stdin
 .rodata.__sf_fake_stdout
                0x08005ad4       0x20 e:/ac6/plugins/fr.ac6.mcu.externaltools.arm-none.win32_1.15.0.201708311556/tools/compiler/bin/../lib/gcc/arm-none-eabi/6.3.1/../../../../arm-none-eabi/lib/thumb/v7-m\libc_nano.a(lib_a-findfp.o)
                0x08005ad4                __sf_fake_stdout
                0x08005af4                . = ALIGN (0x4)

.rel.dyn        0x08005af4        0x0
 .rel.iplt      0x08005af4        0x0 e:/ac6/plugins/fr.ac6.mcu.externaltools.arm-none.win32_1.15.0.201708311556/tools/compiler/bin/../lib/gcc/arm-none-eabi/6.3.1/thumb/v7-m/crtbegin.o

.ARM.extab
 *(.ARM.extab* .gnu.linkonce.armextab.*)

.ARM            0x08005af4        0x0
                0x08005af4                __exidx_start = .
 *(.ARM.exidx*)
                0x08005af4                __exidx_end = .

.preinit_array  0x08005af4        0x0
                0x08005af4                PROVIDE (__preinit_array_start, .)
 *(.preinit_array*)
                0x08005af4                PROVIDE (__preinit_array_end, .)

.init_array     0x08005af4        0x4
                0x08005af4                PROVIDE (__init_array_start, .)
 *(SORT(.init_array.*))
 *(.init_array*)
 .init_array    0x08005af4        0x4 e:/ac6/plugins/fr.ac6.mcu.externaltools.arm-none.win32_1.15.0.201708311556/tools/compiler/bin/../lib/gcc/arm-none-eabi/6.3.1/thumb/v7-m/crtbegin.o
                0x08005af8                PROVIDE (__init_array_end, .)

.fini_array     0x08005af8        0x4
                [!provide]                PROVIDE (__fini_array_start, .)
 *(SORT(.fini_array.*))
 *(.fini_array*)
 .fini_array    0x08005af8        0x4 e:/ac6/plugins/fr.ac6.mcu.externaltools.arm-none.win32_1.15.0.201708311556/tools/compiler/bin/../lib/gcc/arm-none-eabi/6.3.1/thumb/v7-m/crtbegin.o
                [!provide]                PROVIDE (__fini_array_end, .)
                0x08005afc                _sidata = LOADADDR (.data)

.data           0x20000000      0x1d4 load address 0x08005afc
                0x20000000                . = ALIGN (0x4)
                0x20000000                _sdata = .
 *(.data)
 .data          0x20000000        0x4 Src/system_stm32l1xx.o
                0x20000000                SystemCoreClock
 *(.data*)
 .data._impure_ptr
                0x20000004        0x4 e:/ac6/plugins/fr.ac6.mcu.externaltools.arm-none.win32_1.15.0.201708311556/tools/compiler/bin/../lib/gcc/arm-none-eabi/6.3.1/../../../../arm-none-eabi/lib/thumb/v7-m\libc_nano.a(lib_a-impure.o)
                0x20000004                _impure_ptr
 .data.impure_data
                0x20000008       0x60 e:/ac6/plugins/fr.ac6.mcu.externaltools.arm-none.win32_1.15.0.201708311556/tools/compiler/bin/../lib/gcc/arm-none-eabi/6.3.1/../../../../arm-none-eabi/lib/thumb/v7-m\libc_nano.a(lib_a-impure.o)
 .data.__global_locale
                0x20000068      0x16c e:/ac6/plugins/fr.ac6.mcu.externaltools.arm-none.win32_1.15.0.201708311556/tools/compiler/bin/../lib/gcc/arm-none-eabi/6.3.1/../../../../arm-none-eabi/lib/thumb/v7-m\libc_nano.a(lib_a-locale.o)
                0x20000068                __global_locale
                0x200001d4                . = ALIGN (0x4)
                0x200001d4                _edata = .

.jcr            0x200001d4        0x0 load address 0x08005cd0
 .jcr           0x200001d4        0x0 e:/ac6/plugins/fr.ac6.mcu.externaltools.arm-none.win32_1.15.0.201708311556/tools/compiler/bin/../lib/gcc/arm-none-eabi/6.3.1/thumb/v7-m/crtbegin.o

.igot.plt       0x200001d4        0x0 load address 0x08005cd0
 .igot.plt      0x200001d4        0x0 e:/ac6/plugins/fr.ac6.mcu.externaltools.arm-none.win32_1.15.0.201708311556/tools/compiler/bin/../lib/gcc/arm-none-eabi/6.3.1/thumb/v7-m/crtbegin.o
                0x200001d4                . = ALIGN (0x4)

.bss            0x200001d4      0x168 load address 0x08005cd0
                0x200001d4                _sbss = .
                0x200001d4                __bss_start__ = _sbss
 *(.bss)
 .bss           0x200001d4       0x1c e:/ac6/plugins/fr.ac6.mcu.externaltools.arm-none.win32_1.15.0.201708311556/tools/compiler/bin/../lib/gcc/arm-none-eabi/6.3.1/thumb/v7-m/crtbegin.o
 *(.bss*)
 .bss.__malloc_free_list
                0x200001f0        0x4 e:/ac6/plugins/fr.ac6.mcu.externaltools.arm-none.win32_1.15.0.201708311556/tools/compiler/bin/../lib/gcc/arm-none-eabi/6.3.1/../../../../arm-none-eabi/lib/thumb/v7-m\libc_nano.a(lib_a-nano-mallocr.o)
                0x200001f0                __malloc_free_list
 .bss.__malloc_sbrk_start
                0x200001f4        0x4 e:/ac6/plugins/fr.ac6.mcu.externaltools.arm-none.win32_1.15.0.201708311556/tools/compiler/bin/../lib/gcc/arm-none-eabi/6.3.1/../../../../arm-none-eabi/lib/thumb/v7-m\libc_nano.a(lib_a-nano-mallocr.o)
                0x200001f4                __malloc_sbrk_start
 .bss.heap_end.4116
                0x200001f8        0x4 e:/ac6/plugins/fr.ac6.mcu.externaltools.arm-none.win32_1.15.0.201708311556/tools/compiler/bin/../lib/gcc/arm-none-eabi/6.3.1/../../../../arm-none-eabi/lib/thumb/v7-m\libnosys.a(sbrk.o)
 *(COMMON)
 COMMON         0x200001fc        0x4 Drivers/STM32L1xx_HAL_Driver/Src/stm32l1xx_hal.o
                0x200001fc                uwTick
 COMMON         0x20000200      0x137 Src/main.o
                0x20000200                hdma_dac_ch1
                0x20000244                hdma_usart1_tx
                0x20000288                hdma_usart1_rx
                0x200002cc                throttlePart
                0x200002d0                huart1
                0x20000310                steeringPart
                0x20000318                hdac
                0x2000032c                aRxBuffer
 *fill*         0x20000337        0x1 
 COMMON         0x20000338        0x4 e:/ac6/plugins/fr.ac6.mcu.externaltools.arm-none.win32_1.15.0.201708311556/tools/compiler/bin/../lib/gcc/arm-none-eabi/6.3.1/../../../../arm-none-eabi/lib/thumb/v7-m\libc_nano.a(lib_a-reent.o)
                0x20000338                errno
                0x2000033c                . = ALIGN (0x4)
                0x2000033c                _ebss = .
                0x2000033c                __bss_end__ = _ebss

._user_heap_stack
                0x2000033c      0x604 load address 0x08005cd0
                0x20000340                . = ALIGN (0x8)
 *fill*         0x2000033c        0x4 
                0x20000340                PROVIDE (end, .)
                [!provide]                PROVIDE (_end, .)
                0x20000540                . = (. + _Min_Heap_Size)
 *fill*         0x20000340      0x200 
                0x20000940                . = (. + _Min_Stack_Size)
 *fill*         0x20000540      0x400 
                0x20000940                . = ALIGN (0x8)

/DISCARD/
 libc.a(*)
 libm.a(*)
 libgcc.a(*)

.ARM.attributes
                0x00000000       0x29
 *(.ARM.attributes)
 .ARM.attributes
                0x00000000       0x1d e:/ac6/plugins/fr.ac6.mcu.externaltools.arm-none.win32_1.15.0.201708311556/tools/compiler/bin/../lib/gcc/arm-none-eabi/6.3.1/thumb/v7-m/crti.o
 .ARM.attributes
                0x0000001d       0x2d e:/ac6/plugins/fr.ac6.mcu.externaltools.arm-none.win32_1.15.0.201708311556/tools/compiler/bin/../lib/gcc/arm-none-eabi/6.3.1/thumb/v7-m/crtbegin.o
 .ARM.attributes
                0x0000004a       0x33 Drivers/STM32L1xx_HAL_Driver/Src/stm32l1xx_hal.o
 .ARM.attributes
                0x0000007d       0x33 Drivers/STM32L1xx_HAL_Driver/Src/stm32l1xx_hal_cortex.o
 .ARM.attributes
                0x000000b0       0x33 Drivers/STM32L1xx_HAL_Driver/Src/stm32l1xx_hal_dac.o
 .ARM.attributes
                0x000000e3       0x33 Drivers/STM32L1xx_HAL_Driver/Src/stm32l1xx_hal_dma.o
 .ARM.attributes
                0x00000116       0x33 Drivers/STM32L1xx_HAL_Driver/Src/stm32l1xx_hal_gpio.o
 .ARM.attributes
                0x00000149       0x33 Drivers/STM32L1xx_HAL_Driver/Src/stm32l1xx_hal_rcc.o
 .ARM.attributes
                0x0000017c       0x33 Drivers/STM32L1xx_HAL_Driver/Src/stm32l1xx_hal_uart.o
 .ARM.attributes
                0x000001af       0x33 Src/main.o
 .ARM.attributes
                0x000001e2       0x33 Src/stm32l1xx_hal_msp.o
 .ARM.attributes
                0x00000215       0x33 Src/stm32l1xx_it.o
 .ARM.attributes
                0x00000248       0x33 Src/system_stm32l1xx.o
 .ARM.attributes
                0x0000027b       0x21 startup/startup_stm32l100xc.o
 .ARM.attributes
                0x0000029c       0x1d e:/ac6/plugins/fr.ac6.mcu.externaltools.arm-none.win32_1.15.0.201708311556/tools/compiler/bin/../lib/gcc/arm-none-eabi/6.3.1/thumb/v7-m\libgcc.a(_arm_addsubdf3.o)
 .ARM.attributes
                0x000002b9       0x1d e:/ac6/plugins/fr.ac6.mcu.externaltools.arm-none.win32_1.15.0.201708311556/tools/compiler/bin/../lib/gcc/arm-none-eabi/6.3.1/thumb/v7-m\libgcc.a(_arm_muldivdf3.o)
 .ARM.attributes
                0x000002d6       0x1d e:/ac6/plugins/fr.ac6.mcu.externaltools.arm-none.win32_1.15.0.201708311556/tools/compiler/bin/../lib/gcc/arm-none-eabi/6.3.1/thumb/v7-m\libgcc.a(_arm_cmpdf2.o)
 .ARM.attributes
                0x000002f3       0x1d e:/ac6/plugins/fr.ac6.mcu.externaltools.arm-none.win32_1.15.0.201708311556/tools/compiler/bin/../lib/gcc/arm-none-eabi/6.3.1/thumb/v7-m\libgcc.a(_arm_fixdfsi.o)
 .ARM.attributes
                0x00000310       0x1d e:/ac6/plugins/fr.ac6.mcu.externaltools.arm-none.win32_1.15.0.201708311556/tools/compiler/bin/../lib/gcc/arm-none-eabi/6.3.1/thumb/v7-m\libgcc.a(_arm_truncdfsf2.o)
 .ARM.attributes
                0x0000032d       0x1d e:/ac6/plugins/fr.ac6.mcu.externaltools.arm-none.win32_1.15.0.201708311556/tools/compiler/bin/../lib/gcc/arm-none-eabi/6.3.1/thumb/v7-m\libgcc.a(_arm_addsubsf3.o)
 .ARM.attributes
                0x0000034a       0x1d e:/ac6/plugins/fr.ac6.mcu.externaltools.arm-none.win32_1.15.0.201708311556/tools/compiler/bin/../lib/gcc/arm-none-eabi/6.3.1/thumb/v7-m\libgcc.a(_arm_muldivsf3.o)
 .ARM.attributes
                0x00000367       0x2d e:/ac6/plugins/fr.ac6.mcu.externaltools.arm-none.win32_1.15.0.201708311556/tools/compiler/bin/../lib/gcc/arm-none-eabi/6.3.1/../../../../arm-none-eabi/lib/thumb/v7-m\libc_nano.a(lib_a-atof.o)
 .ARM.attributes
                0x00000394       0x2d e:/ac6/plugins/fr.ac6.mcu.externaltools.arm-none.win32_1.15.0.201708311556/tools/compiler/bin/../lib/gcc/arm-none-eabi/6.3.1/../../../../arm-none-eabi/lib/thumb/v7-m\libc_nano.a(lib_a-impure.o)
 .ARM.attributes
                0x000003c1       0x2d e:/ac6/plugins/fr.ac6.mcu.externaltools.arm-none.win32_1.15.0.201708311556/tools/compiler/bin/../lib/gcc/arm-none-eabi/6.3.1/../../../../arm-none-eabi/lib/thumb/v7-m\libc_nano.a(lib_a-init.o)
 .ARM.attributes
                0x000003ee       0x2d e:/ac6/plugins/fr.ac6.mcu.externaltools.arm-none.win32_1.15.0.201708311556/tools/compiler/bin/../lib/gcc/arm-none-eabi/6.3.1/../../../../arm-none-eabi/lib/thumb/v7-m\libc_nano.a(lib_a-memset.o)
 .ARM.attributes
                0x0000041b       0x2d e:/ac6/plugins/fr.ac6.mcu.externaltools.arm-none.win32_1.15.0.201708311556/tools/compiler/bin/../lib/gcc/arm-none-eabi/6.3.1/../../../../arm-none-eabi/lib/thumb/v7-m\libc_nano.a(lib_a-sscanf.o)
 .ARM.attributes
                0x00000448       0x2d e:/ac6/plugins/fr.ac6.mcu.externaltools.arm-none.win32_1.15.0.201708311556/tools/compiler/bin/../lib/gcc/arm-none-eabi/6.3.1/../../../../arm-none-eabi/lib/thumb/v7-m\libc_nano.a(lib_a-stdio.o)
 .ARM.attributes
                0x00000475       0x1b e:/ac6/plugins/fr.ac6.mcu.externaltools.arm-none.win32_1.15.0.201708311556/tools/compiler/bin/../lib/gcc/arm-none-eabi/6.3.1/../../../../arm-none-eabi/lib/thumb/v7-m\libc_nano.a(lib_a-strcmp.o)
 .ARM.attributes
                0x00000490       0x17 e:/ac6/plugins/fr.ac6.mcu.externaltools.arm-none.win32_1.15.0.201708311556/tools/compiler/bin/../lib/gcc/arm-none-eabi/6.3.1/../../../../arm-none-eabi/lib/thumb/v7-m\libc_nano.a(lib_a-strlen.o)
 .ARM.attributes
                0x000004a7       0x2d e:/ac6/plugins/fr.ac6.mcu.externaltools.arm-none.win32_1.15.0.201708311556/tools/compiler/bin/../lib/gcc/arm-none-eabi/6.3.1/../../../../arm-none-eabi/lib/thumb/v7-m\libc_nano.a(lib_a-strtod.o)
 .ARM.attributes
                0x000004d4       0x2d e:/ac6/plugins/fr.ac6.mcu.externaltools.arm-none.win32_1.15.0.201708311556/tools/compiler/bin/../lib/gcc/arm-none-eabi/6.3.1/../../../../arm-none-eabi/lib/thumb/v7-m\libc_nano.a(lib_a-gdtoa-gethex.o)
 .ARM.attributes
                0x00000501       0x2d e:/ac6/plugins/fr.ac6.mcu.externaltools.arm-none.win32_1.15.0.201708311556/tools/compiler/bin/../lib/gcc/arm-none-eabi/6.3.1/../../../../arm-none-eabi/lib/thumb/v7-m\libc_nano.a(lib_a-gdtoa-hexnan.o)
 .ARM.attributes
                0x0000052e       0x2d e:/ac6/plugins/fr.ac6.mcu.externaltools.arm-none.win32_1.15.0.201708311556/tools/compiler/bin/../lib/gcc/arm-none-eabi/6.3.1/../../../../arm-none-eabi/lib/thumb/v7-m\libc_nano.a(lib_a-locale.o)
 .ARM.attributes
                0x0000055b       0x2d e:/ac6/plugins/fr.ac6.mcu.externaltools.arm-none.win32_1.15.0.201708311556/tools/compiler/bin/../lib/gcc/arm-none-eabi/6.3.1/../../../../arm-none-eabi/lib/thumb/v7-m\libc_nano.a(lib_a-localeconv.o)
 .ARM.attributes
                0x00000588       0x2d e:/ac6/plugins/fr.ac6.mcu.externaltools.arm-none.win32_1.15.0.201708311556/tools/compiler/bin/../lib/gcc/arm-none-eabi/6.3.1/../../../../arm-none-eabi/lib/thumb/v7-m\libc_nano.a(lib_a-mbtowc_r.o)
 .ARM.attributes
                0x000005b5       0x2d e:/ac6/plugins/fr.ac6.mcu.externaltools.arm-none.win32_1.15.0.201708311556/tools/compiler/bin/../lib/gcc/arm-none-eabi/6.3.1/../../../../arm-none-eabi/lib/thumb/v7-m\libc_nano.a(lib_a-memcpy-stub.o)
 .ARM.attributes
                0x000005e2       0x2d e:/ac6/plugins/fr.ac6.mcu.externaltools.arm-none.win32_1.15.0.201708311556/tools/compiler/bin/../lib/gcc/arm-none-eabi/6.3.1/../../../../arm-none-eabi/lib/thumb/v7-m\libc_nano.a(lib_a-mprec.o)
 .ARM.attributes
                0x0000060f       0x2d e:/ac6/plugins/fr.ac6.mcu.externaltools.arm-none.win32_1.15.0.201708311556/tools/compiler/bin/../lib/gcc/arm-none-eabi/6.3.1/../../../../arm-none-eabi/lib/thumb/v7-m\libc_nano.a(lib_a-nano-callocr.o)
 .ARM.attributes
                0x0000063c       0x2d e:/ac6/plugins/fr.ac6.mcu.externaltools.arm-none.win32_1.15.0.201708311556/tools/compiler/bin/../lib/gcc/arm-none-eabi/6.3.1/../../../../arm-none-eabi/lib/thumb/v7-m\libc_nano.a(lib_a-nano-mallocr.o)
 .ARM.attributes
                0x00000669       0x2d e:/ac6/plugins/fr.ac6.mcu.externaltools.arm-none.win32_1.15.0.201708311556/tools/compiler/bin/../lib/gcc/arm-none-eabi/6.3.1/../../../../arm-none-eabi/lib/thumb/v7-m\libc_nano.a(lib_a-nano-svfscanf.o)
 .ARM.attributes
                0x00000696       0x2d e:/ac6/plugins/fr.ac6.mcu.externaltools.arm-none.win32_1.15.0.201708311556/tools/compiler/bin/../lib/gcc/arm-none-eabi/6.3.1/../../../../arm-none-eabi/lib/thumb/v7-m\libc_nano.a(lib_a-nano-vfscanf_i.o)
 .ARM.attributes
                0x000006c3       0x2d e:/ac6/plugins/fr.ac6.mcu.externaltools.arm-none.win32_1.15.0.201708311556/tools/compiler/bin/../lib/gcc/arm-none-eabi/6.3.1/../../../../arm-none-eabi/lib/thumb/v7-m\libc_nano.a(lib_a-reent.o)
 .ARM.attributes
                0x000006f0       0x2d e:/ac6/plugins/fr.ac6.mcu.externaltools.arm-none.win32_1.15.0.201708311556/tools/compiler/bin/../lib/gcc/arm-none-eabi/6.3.1/../../../../arm-none-eabi/lib/thumb/v7-m\libc_nano.a(lib_a-sbrkr.o)
 .ARM.attributes
                0x0000071d       0x2d e:/ac6/plugins/fr.ac6.mcu.externaltools.arm-none.win32_1.15.0.201708311556/tools/compiler/bin/../lib/gcc/arm-none-eabi/6.3.1/../../../../arm-none-eabi/lib/thumb/v7-m\libc_nano.a(lib_a-sccl.o)
 .ARM.attributes
                0x0000074a       0x2d e:/ac6/plugins/fr.ac6.mcu.externaltools.arm-none.win32_1.15.0.201708311556/tools/compiler/bin/../lib/gcc/arm-none-eabi/6.3.1/../../../../arm-none-eabi/lib/thumb/v7-m\libc_nano.a(lib_a-strncmp.o)
 .ARM.attributes
                0x00000777       0x2d e:/ac6/plugins/fr.ac6.mcu.externaltools.arm-none.win32_1.15.0.201708311556/tools/compiler/bin/../lib/gcc/arm-none-eabi/6.3.1/../../../../arm-none-eabi/lib/thumb/v7-m\libc_nano.a(lib_a-strtol.o)
 .ARM.attributes
                0x000007a4       0x2d e:/ac6/plugins/fr.ac6.mcu.externaltools.arm-none.win32_1.15.0.201708311556/tools/compiler/bin/../lib/gcc/arm-none-eabi/6.3.1/../../../../arm-none-eabi/lib/thumb/v7-m\libc_nano.a(lib_a-strtoul.o)
 .ARM.attributes
                0x000007d1       0x2d e:/ac6/plugins/fr.ac6.mcu.externaltools.arm-none.win32_1.15.0.201708311556/tools/compiler/bin/../lib/gcc/arm-none-eabi/6.3.1/../../../../arm-none-eabi/lib/thumb/v7-m\libc_nano.a(lib_a-ungetc.o)
 .ARM.attributes
                0x000007fe       0x2d e:/ac6/plugins/fr.ac6.mcu.externaltools.arm-none.win32_1.15.0.201708311556/tools/compiler/bin/../lib/gcc/arm-none-eabi/6.3.1/../../../../arm-none-eabi/lib/thumb/v7-m\libc_nano.a(lib_a-wctomb_r.o)
 .ARM.attributes
                0x0000082b       0x2d e:/ac6/plugins/fr.ac6.mcu.externaltools.arm-none.win32_1.15.0.201708311556/tools/compiler/bin/../lib/gcc/arm-none-eabi/6.3.1/../../../../arm-none-eabi/lib/thumb/v7-m\libc_nano.a(lib_a-ctype_.o)
 .ARM.attributes
                0x00000858       0x2d e:/ac6/plugins/fr.ac6.mcu.externaltools.arm-none.win32_1.15.0.201708311556/tools/compiler/bin/../lib/gcc/arm-none-eabi/6.3.1/../../../../arm-none-eabi/lib/thumb/v7-m\libc_nano.a(lib_a-findfp.o)
 .ARM.attributes
                0x00000885       0x2d e:/ac6/plugins/fr.ac6.mcu.externaltools.arm-none.win32_1.15.0.201708311556/tools/compiler/bin/../lib/gcc/arm-none-eabi/6.3.1/../../../../arm-none-eabi/lib/thumb/v7-m\libc_nano.a(lib_a-malloc.o)
 .ARM.attributes
                0x000008b2       0x2d e:/ac6/plugins/fr.ac6.mcu.externaltools.arm-none.win32_1.15.0.201708311556/tools/compiler/bin/../lib/gcc/arm-none-eabi/6.3.1/../../../../arm-none-eabi/lib/thumb/v7-m\libc_nano.a(lib_a-memchr-stub.o)
 .ARM.attributes
                0x000008df       0x2d e:/ac6/plugins/fr.ac6.mcu.externaltools.arm-none.win32_1.15.0.201708311556/tools/compiler/bin/../lib/gcc/arm-none-eabi/6.3.1/../../../../arm-none-eabi/lib/thumb/v7-m\libc_nano.a(lib_a-mlock.o)
 .ARM.attributes
                0x0000090c       0x2d e:/ac6/plugins/fr.ac6.mcu.externaltools.arm-none.win32_1.15.0.201708311556/tools/compiler/bin/../lib/gcc/arm-none-eabi/6.3.1/../../../../arm-none-eabi/lib/thumb/v7-m\libc_nano.a(lib_a-nano-freer.o)
 .ARM.attributes
                0x00000939       0x2d e:/ac6/plugins/fr.ac6.mcu.externaltools.arm-none.win32_1.15.0.201708311556/tools/compiler/bin/../lib/gcc/arm-none-eabi/6.3.1/../../../../arm-none-eabi/lib/thumb/v7-m\libc_nano.a(lib_a-nano-reallocr.o)
 .ARM.attributes
                0x00000966       0x2d e:/ac6/plugins/fr.ac6.mcu.externaltools.arm-none.win32_1.15.0.201708311556/tools/compiler/bin/../lib/gcc/arm-none-eabi/6.3.1/../../../../arm-none-eabi/lib/thumb/v7-m\libc_nano.a(lib_a-nano-msizer.o)
 .ARM.attributes
                0x00000993       0x1d e:/ac6/plugins/fr.ac6.mcu.externaltools.arm-none.win32_1.15.0.201708311556/tools/compiler/bin/../lib/gcc/arm-none-eabi/6.3.1/thumb/v7-m\libgcc.a(_arm_fixunsdfsi.o)
 .ARM.attributes
                0x000009b0       0x2d e:/ac6/plugins/fr.ac6.mcu.externaltools.arm-none.win32_1.15.0.201708311556/tools/compiler/bin/../lib/gcc/arm-none-eabi/6.3.1/../../../../arm-none-eabi/lib/thumb/v7-m\libnosys.a(sbrk.o)
 .ARM.attributes
                0x000009dd       0x1d e:/ac6/plugins/fr.ac6.mcu.externaltools.arm-none.win32_1.15.0.201708311556/tools/compiler/bin/../lib/gcc/arm-none-eabi/6.3.1/thumb/v7-m/crtn.o
OUTPUT(SerialTest.elf elf32-littlearm)

.debug_info     0x00000000     0xe02b
 .debug_info    0x00000000      0xec9 Drivers/STM32L1xx_HAL_Driver/Src/stm32l1xx_hal.o
 .debug_info    0x00000ec9     0x16d7 Drivers/STM32L1xx_HAL_Driver/Src/stm32l1xx_hal_cortex.o
 .debug_info    0x000025a0     0x1293 Drivers/STM32L1xx_HAL_Driver/Src/stm32l1xx_hal_dac.o
 .debug_info    0x00003833     0x103a Drivers/STM32L1xx_HAL_Driver/Src/stm32l1xx_hal_dma.o
 .debug_info    0x0000486d      0xeab Drivers/STM32L1xx_HAL_Driver/Src/stm32l1xx_hal_gpio.o
 .debug_info    0x00005718     0x1ec7 Drivers/STM32L1xx_HAL_Driver/Src/stm32l1xx_hal_rcc.o
 .debug_info    0x000075df     0x1a2b Drivers/STM32L1xx_HAL_Driver/Src/stm32l1xx_hal_uart.o
 .debug_info    0x0000900a     0x1eab Src/main.o
 .debug_info    0x0000aeb5     0x1630 Src/stm32l1xx_hal_msp.o
 .debug_info    0x0000c4e5      0xe6a Src/stm32l1xx_it.o
 .debug_info    0x0000d34f      0xc7d Src/system_stm32l1xx.o
 .debug_info    0x0000dfcc       0x5f startup/startup_stm32l100xc.o

.debug_abbrev   0x00000000     0x1f07
 .debug_abbrev  0x00000000      0x2c7 Drivers/STM32L1xx_HAL_Driver/Src/stm32l1xx_hal.o
 .debug_abbrev  0x000002c7      0x3b8 Drivers/STM32L1xx_HAL_Driver/Src/stm32l1xx_hal_cortex.o
 .debug_abbrev  0x0000067f      0x2aa Drivers/STM32L1xx_HAL_Driver/Src/stm32l1xx_hal_dac.o
 .debug_abbrev  0x00000929      0x2e3 Drivers/STM32L1xx_HAL_Driver/Src/stm32l1xx_hal_dma.o
 .debug_abbrev  0x00000c0c      0x2a5 Drivers/STM32L1xx_HAL_Driver/Src/stm32l1xx_hal_gpio.o
 .debug_abbrev  0x00000eb1      0x350 Drivers/STM32L1xx_HAL_Driver/Src/stm32l1xx_hal_rcc.o
 .debug_abbrev  0x00001201      0x2fb Drivers/STM32L1xx_HAL_Driver/Src/stm32l1xx_hal_uart.o
 .debug_abbrev  0x000014fc      0x3a1 Src/main.o
 .debug_abbrev  0x0000189d      0x25d Src/stm32l1xx_hal_msp.o
 .debug_abbrev  0x00001afa      0x1f6 Src/stm32l1xx_it.o
 .debug_abbrev  0x00001cf0      0x205 Src/system_stm32l1xx.o
 .debug_abbrev  0x00001ef5       0x12 startup/startup_stm32l100xc.o

.debug_loc      0x00000000     0x36f7
 .debug_loc     0x00000000       0x6a Drivers/STM32L1xx_HAL_Driver/Src/stm32l1xx_hal.o
 .debug_loc     0x0000006a      0x5ce Drivers/STM32L1xx_HAL_Driver/Src/stm32l1xx_hal_cortex.o
 .debug_loc     0x00000638      0x635 Drivers/STM32L1xx_HAL_Driver/Src/stm32l1xx_hal_dac.o
 .debug_loc     0x00000c6d      0x708 Drivers/STM32L1xx_HAL_Driver/Src/stm32l1xx_hal_dma.o
 .debug_loc     0x00001375      0x35d Drivers/STM32L1xx_HAL_Driver/Src/stm32l1xx_hal_gpio.o
 .debug_loc     0x000016d2      0xb53 Drivers/STM32L1xx_HAL_Driver/Src/stm32l1xx_hal_rcc.o
 .debug_loc     0x00002225     0x11b8 Drivers/STM32L1xx_HAL_Driver/Src/stm32l1xx_hal_uart.o
 .debug_loc     0x000033dd       0xf7 Src/main.o
 .debug_loc     0x000034d4       0x94 Src/stm32l1xx_hal_msp.o
 .debug_loc     0x00003568      0x18f Src/system_stm32l1xx.o

.debug_aranges  0x00000000      0x618
 .debug_aranges
                0x00000000       0xb0 Drivers/STM32L1xx_HAL_Driver/Src/stm32l1xx_hal.o
 .debug_aranges
                0x000000b0       0xa8 Drivers/STM32L1xx_HAL_Driver/Src/stm32l1xx_hal_cortex.o
 .debug_aranges
                0x00000158       0xc0 Drivers/STM32L1xx_HAL_Driver/Src/stm32l1xx_hal_dac.o
 .debug_aranges
                0x00000218       0x80 Drivers/STM32L1xx_HAL_Driver/Src/stm32l1xx_hal_dma.o
 .debug_aranges
                0x00000298       0x58 Drivers/STM32L1xx_HAL_Driver/Src/stm32l1xx_hal_gpio.o
 .debug_aranges
                0x000002f0       0x90 Drivers/STM32L1xx_HAL_Driver/Src/stm32l1xx_hal_rcc.o
 .debug_aranges
                0x00000380      0x150 Drivers/STM32L1xx_HAL_Driver/Src/stm32l1xx_hal_uart.o
 .debug_aranges
                0x000004d0       0x78 Src/main.o
 .debug_aranges
                0x00000548       0x40 Src/stm32l1xx_hal_msp.o
 .debug_aranges
                0x00000588       0x40 Src/stm32l1xx_it.o
 .debug_aranges
                0x000005c8       0x28 Src/system_stm32l1xx.o
 .debug_aranges
                0x000005f0       0x28 startup/startup_stm32l100xc.o

.debug_ranges   0x00000000      0x5f0
 .debug_ranges  0x00000000       0xa0 Drivers/STM32L1xx_HAL_Driver/Src/stm32l1xx_hal.o
 .debug_ranges  0x000000a0       0xf8 Drivers/STM32L1xx_HAL_Driver/Src/stm32l1xx_hal_cortex.o
 .debug_ranges  0x00000198       0xb0 Drivers/STM32L1xx_HAL_Driver/Src/stm32l1xx_hal_dac.o
 .debug_ranges  0x00000248       0x70 Drivers/STM32L1xx_HAL_Driver/Src/stm32l1xx_hal_dma.o
 .debug_ranges  0x000002b8       0x48 Drivers/STM32L1xx_HAL_Driver/Src/stm32l1xx_hal_gpio.o
 .debug_ranges  0x00000300       0x98 Drivers/STM32L1xx_HAL_Driver/Src/stm32l1xx_hal_rcc.o
 .debug_ranges  0x00000398      0x140 Drivers/STM32L1xx_HAL_Driver/Src/stm32l1xx_hal_uart.o
 .debug_ranges  0x000004d8       0x80 Src/main.o
 .debug_ranges  0x00000558       0x30 Src/stm32l1xx_hal_msp.o
 .debug_ranges  0x00000588       0x30 Src/stm32l1xx_it.o
 .debug_ranges  0x000005b8       0x18 Src/system_stm32l1xx.o
 .debug_ranges  0x000005d0       0x20 startup/startup_stm32l100xc.o

.debug_macro    0x00000000    0x15d06
 .debug_macro   0x00000000      0x30f Drivers/STM32L1xx_HAL_Driver/Src/stm32l1xx_hal.o
 .debug_macro   0x0000030f      0x8bc Drivers/STM32L1xx_HAL_Driver/Src/stm32l1xx_hal.o
 .debug_macro   0x00000bcb       0x88 Drivers/STM32L1xx_HAL_Driver/Src/stm32l1xx_hal.o
 .debug_macro   0x00000c53       0x88 Drivers/STM32L1xx_HAL_Driver/Src/stm32l1xx_hal.o
 .debug_macro   0x00000cdb       0x2e Drivers/STM32L1xx_HAL_Driver/Src/stm32l1xx_hal.o
 .debug_macro   0x00000d09       0x22 Drivers/STM32L1xx_HAL_Driver/Src/stm32l1xx_hal.o
 .debug_macro   0x00000d2b       0x22 Drivers/STM32L1xx_HAL_Driver/Src/stm32l1xx_hal.o
 .debug_macro   0x00000d4d       0x87 Drivers/STM32L1xx_HAL_Driver/Src/stm32l1xx_hal.o
 .debug_macro   0x00000dd4       0x51 Drivers/STM32L1xx_HAL_Driver/Src/stm32l1xx_hal.o
 .debug_macro   0x00000e25       0xef Drivers/STM32L1xx_HAL_Driver/Src/stm32l1xx_hal.o
 .debug_macro   0x00000f14       0x6a Drivers/STM32L1xx_HAL_Driver/Src/stm32l1xx_hal.o
 .debug_macro   0x00000f7e      0x1df Drivers/STM32L1xx_HAL_Driver/Src/stm32l1xx_hal.o
 .debug_macro   0x0000115d       0x34 Drivers/STM32L1xx_HAL_Driver/Src/stm32l1xx_hal.o
 .debug_macro   0x00001191       0x34 Drivers/STM32L1xx_HAL_Driver/Src/stm32l1xx_hal.o
 .debug_macro   0x000011c5      0xcb4 Drivers/STM32L1xx_HAL_Driver/Src/stm32l1xx_hal.o
 .debug_macro   0x00001e79     0xb5cc Drivers/STM32L1xx_HAL_Driver/Src/stm32l1xx_hal.o
 .debug_macro   0x0000d445       0x43 Drivers/STM32L1xx_HAL_Driver/Src/stm32l1xx_hal.o
 .debug_macro   0x0000d488     0x342b Drivers/STM32L1xx_HAL_Driver/Src/stm32l1xx_hal.o
 .debug_macro   0x000108b3       0x58 Drivers/STM32L1xx_HAL_Driver/Src/stm32l1xx_hal.o
 .debug_macro   0x0001090b       0x35 Drivers/STM32L1xx_HAL_Driver/Src/stm32l1xx_hal.o
 .debug_macro   0x00010940       0x9c Drivers/STM32L1xx_HAL_Driver/Src/stm32l1xx_hal.o
 .debug_macro   0x000109dc       0x16 Drivers/STM32L1xx_HAL_Driver/Src/stm32l1xx_hal.o
 .debug_macro   0x000109f2       0x97 Drivers/STM32L1xx_HAL_Driver/Src/stm32l1xx_hal.o
 .debug_macro   0x00010a89      0x330 Drivers/STM32L1xx_HAL_Driver/Src/stm32l1xx_hal.o
 .debug_macro   0x00010db9       0xfd Drivers/STM32L1xx_HAL_Driver/Src/stm32l1xx_hal.o
 .debug_macro   0x00010eb6       0x10 Drivers/STM32L1xx_HAL_Driver/Src/stm32l1xx_hal.o
 .debug_macro   0x00010ec6       0x58 Drivers/STM32L1xx_HAL_Driver/Src/stm32l1xx_hal.o
 .debug_macro   0x00010f1e       0x1f Drivers/STM32L1xx_HAL_Driver/Src/stm32l1xx_hal.o
 .debug_macro   0x00010f3d       0x43 Drivers/STM32L1xx_HAL_Driver/Src/stm32l1xx_hal.o
 .debug_macro   0x00010f80       0x20 Drivers/STM32L1xx_HAL_Driver/Src/stm32l1xx_hal.o
 .debug_macro   0x00010fa0      0x187 Drivers/STM32L1xx_HAL_Driver/Src/stm32l1xx_hal.o
 .debug_macro   0x00011127       0x10 Drivers/STM32L1xx_HAL_Driver/Src/stm32l1xx_hal.o
 .debug_macro   0x00011137       0x1c Drivers/STM32L1xx_HAL_Driver/Src/stm32l1xx_hal.o
 .debug_macro   0x00011153       0x52 Drivers/STM32L1xx_HAL_Driver/Src/stm32l1xx_hal.o
 .debug_macro   0x000111a5       0x40 Drivers/STM32L1xx_HAL_Driver/Src/stm32l1xx_hal.o
 .debug_macro   0x000111e5       0x10 Drivers/STM32L1xx_HAL_Driver/Src/stm32l1xx_hal.o
 .debug_macro   0x000111f5       0x40 Drivers/STM32L1xx_HAL_Driver/Src/stm32l1xx_hal.o
 .debug_macro   0x00011235       0xd7 Drivers/STM32L1xx_HAL_Driver/Src/stm32l1xx_hal.o
 .debug_macro   0x0001130c       0x16 Drivers/STM32L1xx_HAL_Driver/Src/stm32l1xx_hal.o
 .debug_macro   0x00011322      0x18b Drivers/STM32L1xx_HAL_Driver/Src/stm32l1xx_hal.o
 .debug_macro   0x000114ad       0x50 Drivers/STM32L1xx_HAL_Driver/Src/stm32l1xx_hal.o
 .debug_macro   0x000114fd      0xe3e Drivers/STM32L1xx_HAL_Driver/Src/stm32l1xx_hal.o
 .debug_macro   0x0001233b      0x179 Drivers/STM32L1xx_HAL_Driver/Src/stm32l1xx_hal.o
 .debug_macro   0x000124b4      0x141 Drivers/STM32L1xx_HAL_Driver/Src/stm32l1xx_hal.o
 .debug_macro   0x000125f5       0xb4 Drivers/STM32L1xx_HAL_Driver/Src/stm32l1xx_hal.o
 .debug_macro   0x000126a9      0x25d Drivers/STM32L1xx_HAL_Driver/Src/stm32l1xx_hal.o
 .debug_macro   0x00012906      0x23a Drivers/STM32L1xx_HAL_Driver/Src/stm32l1xx_hal.o
 .debug_macro   0x00012b40      0x117 Drivers/STM32L1xx_HAL_Driver/Src/stm32l1xx_hal.o
 .debug_macro   0x00012c57       0xac Drivers/STM32L1xx_HAL_Driver/Src/stm32l1xx_hal.o
 .debug_macro   0x00012d03      0x11a Drivers/STM32L1xx_HAL_Driver/Src/stm32l1xx_hal.o
 .debug_macro   0x00012e1d      0x36d Drivers/STM32L1xx_HAL_Driver/Src/stm32l1xx_hal.o
 .debug_macro   0x0001318a      0x1ed Drivers/STM32L1xx_HAL_Driver/Src/stm32l1xx_hal.o
 .debug_macro   0x00013377       0x1c Drivers/STM32L1xx_HAL_Driver/Src/stm32l1xx_hal.o
 .debug_macro   0x00013393      0x287 Drivers/STM32L1xx_HAL_Driver/Src/stm32l1xx_hal.o
 .debug_macro   0x0001361a      0x3c1 Drivers/STM32L1xx_HAL_Driver/Src/stm32l1xx_hal.o
 .debug_macro   0x000139db      0x2eb Drivers/STM32L1xx_HAL_Driver/Src/stm32l1xx_hal_cortex.o
 .debug_macro   0x00013cc6      0x2ec Drivers/STM32L1xx_HAL_Driver/Src/stm32l1xx_hal_dac.o
 .debug_macro   0x00013fb2      0x2eb Drivers/STM32L1xx_HAL_Driver/Src/stm32l1xx_hal_dma.o
 .debug_macro   0x0001429d      0x324 Drivers/STM32L1xx_HAL_Driver/Src/stm32l1xx_hal_gpio.o
 .debug_macro   0x000145c1      0x327 Drivers/STM32L1xx_HAL_Driver/Src/stm32l1xx_hal_rcc.o
 .debug_macro   0x000148e8      0x2ec Drivers/STM32L1xx_HAL_Driver/Src/stm32l1xx_hal_uart.o
 .debug_macro   0x00014bd4      0x330 Src/main.o
 .debug_macro   0x00014f04       0x52 Src/main.o
 .debug_macro   0x00014f56       0x8d Src/main.o
 .debug_macro   0x00014fe3      0x174 Src/main.o
 .debug_macro   0x00015157       0x57 Src/main.o
 .debug_macro   0x000151ae      0x1e1 Src/main.o
 .debug_macro   0x0001538f       0x16 Src/main.o
 .debug_macro   0x000153a5       0x35 Src/main.o
 .debug_macro   0x000153da       0x16 Src/main.o
 .debug_macro   0x000153f0       0x29 Src/main.o
 .debug_macro   0x00015419       0x1c Src/main.o
 .debug_macro   0x00015435      0x2eb Src/stm32l1xx_hal_msp.o
 .debug_macro   0x00015720      0x2f5 Src/stm32l1xx_it.o
 .debug_macro   0x00015a15      0x2f1 Src/system_stm32l1xx.o

.debug_line     0x00000000     0x66de
 .debug_line    0x00000000      0x869 Drivers/STM32L1xx_HAL_Driver/Src/stm32l1xx_hal.o
 .debug_line    0x00000869      0x925 Drivers/STM32L1xx_HAL_Driver/Src/stm32l1xx_hal_cortex.o
 .debug_line    0x0000118e      0x973 Drivers/STM32L1xx_HAL_Driver/Src/stm32l1xx_hal_dac.o
 .debug_line    0x00001b01      0x956 Drivers/STM32L1xx_HAL_Driver/Src/stm32l1xx_hal_dma.o
 .debug_line    0x00002457      0x868 Drivers/STM32L1xx_HAL_Driver/Src/stm32l1xx_hal_gpio.o
 .debug_line    0x00002cbf      0xd18 Drivers/STM32L1xx_HAL_Driver/Src/stm32l1xx_hal_rcc.o
 .debug_line    0x000039d7      0xdf1 Drivers/STM32L1xx_HAL_Driver/Src/stm32l1xx_hal_uart.o
 .debug_line    0x000047c8      0x865 Src/main.o
 .debug_line    0x0000502d      0x79f Src/stm32l1xx_hal_msp.o
 .debug_line    0x000057cc      0x75b Src/stm32l1xx_it.o
 .debug_line    0x00005f27      0x73a Src/system_stm32l1xx.o
 .debug_line    0x00006661       0x7d startup/startup_stm32l100xc.o

.debug_str      0x00000000    0x80030
 .debug_str     0x00000000    0x7dbbf Drivers/STM32L1xx_HAL_Driver/Src/stm32l1xx_hal.o
                              0x7df5c (size before relaxing)
 .debug_str     0x0007dbbf      0x3e0 Drivers/STM32L1xx_HAL_Driver/Src/stm32l1xx_hal_cortex.o
                              0x7e0a7 (size before relaxing)
 .debug_str     0x0007df9f      0x518 Drivers/STM32L1xx_HAL_Driver/Src/stm32l1xx_hal_dac.o
                              0x7dd91 (size before relaxing)
 .debug_str     0x0007e4b7      0x216 Drivers/STM32L1xx_HAL_Driver/Src/stm32l1xx_hal_dma.o
                              0x7dc6a (size before relaxing)
 .debug_str     0x0007e6cd      0x28e Drivers/STM32L1xx_HAL_Driver/Src/stm32l1xx_hal_gpio.o
                              0x7db4a (size before relaxing)
 .debug_str     0x0007e95b      0x547 Drivers/STM32L1xx_HAL_Driver/Src/stm32l1xx_hal_rcc.o
                              0x7dec1 (size before relaxing)
 .debug_str     0x0007eea2      0x51d Drivers/STM32L1xx_HAL_Driver/Src/stm32l1xx_hal_uart.o
                              0x7dfeb (size before relaxing)
 .debug_str     0x0007f3bf      0xb4f Src/main.o
                              0x7ef76 (size before relaxing)
 .debug_str     0x0007ff0e       0x1b Src/stm32l1xx_hal_msp.o
                              0x7e1e6 (size before relaxing)
 .debug_str     0x0007ff29       0x95 Src/stm32l1xx_it.o
                              0x7dc74 (size before relaxing)
 .debug_str     0x0007ffbe       0x72 Src/system_stm32l1xx.o
                              0x7d921 (size before relaxing)

.comment        0x00000000       0x7f
 .comment       0x00000000       0x7f Drivers/STM32L1xx_HAL_Driver/Src/stm32l1xx_hal.o
                                 0x80 (size before relaxing)
 .comment       0x0000007f       0x80 Drivers/STM32L1xx_HAL_Driver/Src/stm32l1xx_hal_cortex.o
 .comment       0x0000007f       0x80 Drivers/STM32L1xx_HAL_Driver/Src/stm32l1xx_hal_dac.o
 .comment       0x0000007f       0x80 Drivers/STM32L1xx_HAL_Driver/Src/stm32l1xx_hal_dma.o
 .comment       0x0000007f       0x80 Drivers/STM32L1xx_HAL_Driver/Src/stm32l1xx_hal_gpio.o
 .comment       0x0000007f       0x80 Drivers/STM32L1xx_HAL_Driver/Src/stm32l1xx_hal_rcc.o
 .comment       0x0000007f       0x80 Drivers/STM32L1xx_HAL_Driver/Src/stm32l1xx_hal_uart.o
 .comment       0x0000007f       0x80 Src/main.o
 .comment       0x0000007f       0x80 Src/stm32l1xx_hal_msp.o
 .comment       0x0000007f       0x80 Src/stm32l1xx_it.o
 .comment       0x0000007f       0x80 Src/system_stm32l1xx.o

.debug_frame    0x00000000     0x1e08
 .debug_frame   0x00000000      0x168 Drivers/STM32L1xx_HAL_Driver/Src/stm32l1xx_hal.o
 .debug_frame   0x00000168      0x15c Drivers/STM32L1xx_HAL_Driver/Src/stm32l1xx_hal_cortex.o
 .debug_frame   0x000002c4      0x1f0 Drivers/STM32L1xx_HAL_Driver/Src/stm32l1xx_hal_dac.o
 .debug_frame   0x000004b4      0x154 Drivers/STM32L1xx_HAL_Driver/Src/stm32l1xx_hal_dma.o
 .debug_frame   0x00000608       0xd0 Drivers/STM32L1xx_HAL_Driver/Src/stm32l1xx_hal_gpio.o
 .debug_frame   0x000006d8      0x168 Drivers/STM32L1xx_HAL_Driver/Src/stm32l1xx_hal_rcc.o
 .debug_frame   0x00000840      0x388 Drivers/STM32L1xx_HAL_Driver/Src/stm32l1xx_hal_uart.o
 .debug_frame   0x00000bc8      0x158 Src/main.o
 .debug_frame   0x00000d20       0xa4 Src/stm32l1xx_hal_msp.o
 .debug_frame   0x00000dc4       0x88 Src/stm32l1xx_it.o
 .debug_frame   0x00000e4c       0x30 Src/system_stm32l1xx.o
 .debug_frame   0x00000e7c       0xac e:/ac6/plugins/fr.ac6.mcu.externaltools.arm-none.win32_1.15.0.201708311556/tools/compiler/bin/../lib/gcc/arm-none-eabi/6.3.1/thumb/v7-m\libgcc.a(_arm_addsubdf3.o)
 .debug_frame   0x00000f28       0x50 e:/ac6/plugins/fr.ac6.mcu.externaltools.arm-none.win32_1.15.0.201708311556/tools/compiler/bin/../lib/gcc/arm-none-eabi/6.3.1/thumb/v7-m\libgcc.a(_arm_muldivdf3.o)
 .debug_frame   0x00000f78       0xc4 e:/ac6/plugins/fr.ac6.mcu.externaltools.arm-none.win32_1.15.0.201708311556/tools/compiler/bin/../lib/gcc/arm-none-eabi/6.3.1/thumb/v7-m\libgcc.a(_arm_cmpdf2.o)
 .debug_frame   0x0000103c       0x24 e:/ac6/plugins/fr.ac6.mcu.externaltools.arm-none.win32_1.15.0.201708311556/tools/compiler/bin/../lib/gcc/arm-none-eabi/6.3.1/thumb/v7-m\libgcc.a(_arm_fixdfsi.o)
 .debug_frame   0x00001060       0x24 e:/ac6/plugins/fr.ac6.mcu.externaltools.arm-none.win32_1.15.0.201708311556/tools/compiler/bin/../lib/gcc/arm-none-eabi/6.3.1/thumb/v7-m\libgcc.a(_arm_truncdfsf2.o)
 .debug_frame   0x00001084       0x4c e:/ac6/plugins/fr.ac6.mcu.externaltools.arm-none.win32_1.15.0.201708311556/tools/compiler/bin/../lib/gcc/arm-none-eabi/6.3.1/thumb/v7-m\libgcc.a(_arm_addsubsf3.o)
 .debug_frame   0x000010d0       0x38 e:/ac6/plugins/fr.ac6.mcu.externaltools.arm-none.win32_1.15.0.201708311556/tools/compiler/bin/../lib/gcc/arm-none-eabi/6.3.1/thumb/v7-m\libgcc.a(_arm_muldivsf3.o)
 .debug_frame   0x00001108       0x20 e:/ac6/plugins/fr.ac6.mcu.externaltools.arm-none.win32_1.15.0.201708311556/tools/compiler/bin/../lib/gcc/arm-none-eabi/6.3.1/../../../../arm-none-eabi/lib/thumb/v7-m\libc_nano.a(lib_a-atof.o)
 .debug_frame   0x00001128       0x2c e:/ac6/plugins/fr.ac6.mcu.externaltools.arm-none.win32_1.15.0.201708311556/tools/compiler/bin/../lib/gcc/arm-none-eabi/6.3.1/../../../../arm-none-eabi/lib/thumb/v7-m\libc_nano.a(lib_a-init.o)
 .debug_frame   0x00001154       0x20 e:/ac6/plugins/fr.ac6.mcu.externaltools.arm-none.win32_1.15.0.201708311556/tools/compiler/bin/../lib/gcc/arm-none-eabi/6.3.1/../../../../arm-none-eabi/lib/thumb/v7-m\libc_nano.a(lib_a-memset.o)
 .debug_frame   0x00001174       0x80 e:/ac6/plugins/fr.ac6.mcu.externaltools.arm-none.win32_1.15.0.201708311556/tools/compiler/bin/../lib/gcc/arm-none-eabi/6.3.1/../../../../arm-none-eabi/lib/thumb/v7-m\libc_nano.a(lib_a-sscanf.o)
 .debug_frame   0x000011f4       0x88 e:/ac6/plugins/fr.ac6.mcu.externaltools.arm-none.win32_1.15.0.201708311556/tools/compiler/bin/../lib/gcc/arm-none-eabi/6.3.1/../../../../arm-none-eabi/lib/thumb/v7-m\libc_nano.a(lib_a-stdio.o)
 .debug_frame   0x0000127c       0x20 e:/ac6/plugins/fr.ac6.mcu.externaltools.arm-none.win32_1.15.0.201708311556/tools/compiler/bin/../lib/gcc/arm-none-eabi/6.3.1/../../../../arm-none-eabi/lib/thumb/v7-m\libc_nano.a(lib_a-strcmp.o)
 .debug_frame   0x0000129c      0x100 e:/ac6/plugins/fr.ac6.mcu.externaltools.arm-none.win32_1.15.0.201708311556/tools/compiler/bin/../lib/gcc/arm-none-eabi/6.3.1/../../../../arm-none-eabi/lib/thumb/v7-m\libc_nano.a(lib_a-strtod.o)
 .debug_frame   0x0000139c       0x70 e:/ac6/plugins/fr.ac6.mcu.externaltools.arm-none.win32_1.15.0.201708311556/tools/compiler/bin/../lib/gcc/arm-none-eabi/6.3.1/../../../../arm-none-eabi/lib/thumb/v7-m\libc_nano.a(lib_a-gdtoa-gethex.o)
 .debug_frame   0x0000140c       0x74 e:/ac6/plugins/fr.ac6.mcu.externaltools.arm-none.win32_1.15.0.201708311556/tools/compiler/bin/../lib/gcc/arm-none-eabi/6.3.1/../../../../arm-none-eabi/lib/thumb/v7-m\libc_nano.a(lib_a-gdtoa-hexnan.o)
 .debug_frame   0x00001480       0x68 e:/ac6/plugins/fr.ac6.mcu.externaltools.arm-none.win32_1.15.0.201708311556/tools/compiler/bin/../lib/gcc/arm-none-eabi/6.3.1/../../../../arm-none-eabi/lib/thumb/v7-m\libc_nano.a(lib_a-locale.o)
 .debug_frame   0x000014e8       0x40 e:/ac6/plugins/fr.ac6.mcu.externaltools.arm-none.win32_1.15.0.201708311556/tools/compiler/bin/../lib/gcc/arm-none-eabi/6.3.1/../../../../arm-none-eabi/lib/thumb/v7-m\libc_nano.a(lib_a-localeconv.o)
 .debug_frame   0x00001528       0x48 e:/ac6/plugins/fr.ac6.mcu.externaltools.arm-none.win32_1.15.0.201708311556/tools/compiler/bin/../lib/gcc/arm-none-eabi/6.3.1/../../../../arm-none-eabi/lib/thumb/v7-m\libc_nano.a(lib_a-mbtowc_r.o)
 .debug_frame   0x00001570       0x28 e:/ac6/plugins/fr.ac6.mcu.externaltools.arm-none.win32_1.15.0.201708311556/tools/compiler/bin/../lib/gcc/arm-none-eabi/6.3.1/../../../../arm-none-eabi/lib/thumb/v7-m\libc_nano.a(lib_a-memcpy-stub.o)
 .debug_frame   0x00001598      0x244 e:/ac6/plugins/fr.ac6.mcu.externaltools.arm-none.win32_1.15.0.201708311556/tools/compiler/bin/../lib/gcc/arm-none-eabi/6.3.1/../../../../arm-none-eabi/lib/thumb/v7-m\libc_nano.a(lib_a-mprec.o)
 .debug_frame   0x000017dc       0x2c e:/ac6/plugins/fr.ac6.mcu.externaltools.arm-none.win32_1.15.0.201708311556/tools/compiler/bin/../lib/gcc/arm-none-eabi/6.3.1/../../../../arm-none-eabi/lib/thumb/v7-m\libc_nano.a(lib_a-nano-callocr.o)
 .debug_frame   0x00001808       0x2c e:/ac6/plugins/fr.ac6.mcu.externaltools.arm-none.win32_1.15.0.201708311556/tools/compiler/bin/../lib/gcc/arm-none-eabi/6.3.1/../../../../arm-none-eabi/lib/thumb/v7-m\libc_nano.a(lib_a-nano-mallocr.o)
 .debug_frame   0x00001834       0x78 e:/ac6/plugins/fr.ac6.mcu.externaltools.arm-none.win32_1.15.0.201708311556/tools/compiler/bin/../lib/gcc/arm-none-eabi/6.3.1/../../../../arm-none-eabi/lib/thumb/v7-m\libc_nano.a(lib_a-nano-svfscanf.o)
 .debug_frame   0x000018ac       0x60 e:/ac6/plugins/fr.ac6.mcu.externaltools.arm-none.win32_1.15.0.201708311556/tools/compiler/bin/../lib/gcc/arm-none-eabi/6.3.1/../../../../arm-none-eabi/lib/thumb/v7-m\libc_nano.a(lib_a-nano-vfscanf_i.o)
 .debug_frame   0x0000190c       0x5c e:/ac6/plugins/fr.ac6.mcu.externaltools.arm-none.win32_1.15.0.201708311556/tools/compiler/bin/../lib/gcc/arm-none-eabi/6.3.1/../../../../arm-none-eabi/lib/thumb/v7-m\libc_nano.a(lib_a-reent.o)
 .debug_frame   0x00001968       0x2c e:/ac6/plugins/fr.ac6.mcu.externaltools.arm-none.win32_1.15.0.201708311556/tools/compiler/bin/../lib/gcc/arm-none-eabi/6.3.1/../../../../arm-none-eabi/lib/thumb/v7-m\libc_nano.a(lib_a-sbrkr.o)
 .debug_frame   0x00001994       0x2c e:/ac6/plugins/fr.ac6.mcu.externaltools.arm-none.win32_1.15.0.201708311556/tools/compiler/bin/../lib/gcc/arm-none-eabi/6.3.1/../../../../arm-none-eabi/lib/thumb/v7-m\libc_nano.a(lib_a-sccl.o)
 .debug_frame   0x000019c0       0x28 e:/ac6/plugins/fr.ac6.mcu.externaltools.arm-none.win32_1.15.0.201708311556/tools/compiler/bin/../lib/gcc/arm-none-eabi/6.3.1/../../../../arm-none-eabi/lib/thumb/v7-m\libc_nano.a(lib_a-strncmp.o)
 .debug_frame   0x000019e8       0x88 e:/ac6/plugins/fr.ac6.mcu.externaltools.arm-none.win32_1.15.0.201708311556/tools/compiler/bin/../lib/gcc/arm-none-eabi/6.3.1/../../../../arm-none-eabi/lib/thumb/v7-m\libc_nano.a(lib_a-strtol.o)
 .debug_frame   0x00001a70       0x84 e:/ac6/plugins/fr.ac6.mcu.externaltools.arm-none.win32_1.15.0.201708311556/tools/compiler/bin/../lib/gcc/arm-none-eabi/6.3.1/../../../../arm-none-eabi/lib/thumb/v7-m\libc_nano.a(lib_a-strtoul.o)
 .debug_frame   0x00001af4       0x5c e:/ac6/plugins/fr.ac6.mcu.externaltools.arm-none.win32_1.15.0.201708311556/tools/compiler/bin/../lib/gcc/arm-none-eabi/6.3.1/../../../../arm-none-eabi/lib/thumb/v7-m\libc_nano.a(lib_a-ungetc.o)
 .debug_frame   0x00001b50       0x3c e:/ac6/plugins/fr.ac6.mcu.externaltools.arm-none.win32_1.15.0.201708311556/tools/compiler/bin/../lib/gcc/arm-none-eabi/6.3.1/../../../../arm-none-eabi/lib/thumb/v7-m\libc_nano.a(lib_a-wctomb_r.o)
 .debug_frame   0x00001b8c      0x11c e:/ac6/plugins/fr.ac6.mcu.externaltools.arm-none.win32_1.15.0.201708311556/tools/compiler/bin/../lib/gcc/arm-none-eabi/6.3.1/../../../../arm-none-eabi/lib/thumb/v7-m\libc_nano.a(lib_a-findfp.o)
 .debug_frame   0x00001ca8       0x30 e:/ac6/plugins/fr.ac6.mcu.externaltools.arm-none.win32_1.15.0.201708311556/tools/compiler/bin/../lib/gcc/arm-none-eabi/6.3.1/../../../../arm-none-eabi/lib/thumb/v7-m\libc_nano.a(lib_a-malloc.o)
 .debug_frame   0x00001cd8       0x28 e:/ac6/plugins/fr.ac6.mcu.externaltools.arm-none.win32_1.15.0.201708311556/tools/compiler/bin/../lib/gcc/arm-none-eabi/6.3.1/../../../../arm-none-eabi/lib/thumb/v7-m\libc_nano.a(lib_a-memchr-stub.o)
 .debug_frame   0x00001d00       0x30 e:/ac6/plugins/fr.ac6.mcu.externaltools.arm-none.win32_1.15.0.201708311556/tools/compiler/bin/../lib/gcc/arm-none-eabi/6.3.1/../../../../arm-none-eabi/lib/thumb/v7-m\libc_nano.a(lib_a-mlock.o)
 .debug_frame   0x00001d30       0x38 e:/ac6/plugins/fr.ac6.mcu.externaltools.arm-none.win32_1.15.0.201708311556/tools/compiler/bin/../lib/gcc/arm-none-eabi/6.3.1/../../../../arm-none-eabi/lib/thumb/v7-m\libc_nano.a(lib_a-nano-freer.o)
 .debug_frame   0x00001d68       0x3c e:/ac6/plugins/fr.ac6.mcu.externaltools.arm-none.win32_1.15.0.201708311556/tools/compiler/bin/../lib/gcc/arm-none-eabi/6.3.1/../../../../arm-none-eabi/lib/thumb/v7-m\libc_nano.a(lib_a-nano-reallocr.o)
 .debug_frame   0x00001da4       0x20 e:/ac6/plugins/fr.ac6.mcu.externaltools.arm-none.win32_1.15.0.201708311556/tools/compiler/bin/../lib/gcc/arm-none-eabi/6.3.1/../../../../arm-none-eabi/lib/thumb/v7-m\libc_nano.a(lib_a-nano-msizer.o)
 .debug_frame   0x00001dc4       0x24 e:/ac6/plugins/fr.ac6.mcu.externaltools.arm-none.win32_1.15.0.201708311556/tools/compiler/bin/../lib/gcc/arm-none-eabi/6.3.1/thumb/v7-m\libgcc.a(_arm_fixunsdfsi.o)
 .debug_frame   0x00001de8       0x20 e:/ac6/plugins/fr.ac6.mcu.externaltools.arm-none.win32_1.15.0.201708311556/tools/compiler/bin/../lib/gcc/arm-none-eabi/6.3.1/../../../../arm-none-eabi/lib/thumb/v7-m\libnosys.a(sbrk.o)

.stabstr        0x00000000       0xdf
 .stabstr       0x00000000       0xdf e:/ac6/plugins/fr.ac6.mcu.externaltools.arm-none.win32_1.15.0.201708311556/tools/compiler/bin/../lib/gcc/arm-none-eabi/6.3.1/../../../../arm-none-eabi/lib/thumb/v7-m\libnosys.a(close.o)